MODEL - 11
NASA C-MAPSS Predictive Maintenance
Models: xgboost, lstm, cnn_lstm

Constant sensor report saved to:
E:\PdM\outputs\constant_sensors\FD001_constant_sensors.txt

Low variance sensor report saved to:
E:\PdM\outputs\low_variance_sensors\FD001_low_variance_sensors.txt

Z-score normalization report saved to:
E:\PdM\outputs\normalization\FD001_zscore_report.txt

============================================================
Dataset: FD001 | Model: xgboost
============================================================
Train engines : 100
Test engines  : 100
Train windows : 15731
Test windows  : 100
Window shape  : (50, 14)

Running 5-Fold Engine-wise Cross Validation...
Fold 1: RMSE=13.926 MAE=10.700 R2=0.887 NASA=3.081
Fold 2: RMSE=14.016 MAE=10.482 R2=0.885 NASA=3.196
Fold 3: RMSE=12.979 MAE=9.851 R2=0.902 NASA=2.621
Fold 4: RMSE=13.520 MAE=10.447 R2=0.893 NASA=2.934
Fold 5: RMSE=13.095 MAE=9.708 R2=0.900 NASA=3.014

Cross-Validation Average
RMSE       : 13.507
MAE        : 10.238
R2         : 0.893
NASA Score : 2.969

Training Final XGBoost Model...
Selecting tree count using held-out truncated final windows.
Selected Trees from final-window validation: 284
Final engine-holdout validation: RMSE=11.613 MAE=8.496 R2=-0.938

Final NASA Test Metrics
RMSE       : 14.014
MAE        : 10.857
R2         : 0.886
NASA Score : 2.831

============================================================
Dataset: FD001 | Model: lstm
============================================================
Train engines : 100
Test engines  : 100
Train windows : 15731
Test windows  : 100
Window shape  : (50, 14)

Running 5-Fold Engine-wise Cross Validation...
Fold 1: RMSE=12.347 MAE=8.626 R2=0.911 NASA=2.907
Fold 2: RMSE=12.996 MAE=8.904 R2=0.901 NASA=2.800
Fold 3: RMSE=11.962 MAE=8.047 R2=0.916 NASA=2.282
Fold 4: RMSE=11.393 MAE=7.688 R2=0.924 NASA=1.925
Fold 5: RMSE=13.070 MAE=9.738 R2=0.900 NASA=3.040

Cross-Validation Average
RMSE       : 12.354
MAE        : 8.601
R2         : 0.911
NASA Score : 2.591

Training Final LSTM Model...
Best Epoch: 21

FD001 LSTM final-fit diagnostics
Best epoch             : 21
Best validation loss   : 36.88066
Final training MSE     : 50.21659
Final validation MSE   : 90.34516
Validation MSE gap     : 40.12857
Fit assessment         : possible overfitting
Best validation MAE    : 7.14511
Retraining deployable LSTM on all training engines...

Final NASA Test Metrics
RMSE       : 16.166
MAE        : 11.909
R2         : 0.849
NASA Score : 4.444

============================================================
Dataset: FD001 | Model: cnn_lstm
============================================================
Train engines : 100
Test engines  : 100
Train windows : 15731
Test windows  : 100
Window shape  : (50, 14)

Running 5-Fold Engine-wise Cross Validation...
Fold 1: RMSE=13.278 MAE=9.462 R2=0.897 NASA=2.891
Fold 2: RMSE=15.689 MAE=11.553 R2=0.856 NASA=3.360
Fold 3: RMSE=12.420 MAE=9.021 R2=0.910 NASA=2.311
Fold 4: RMSE=12.993 MAE=9.751 R2=0.901 NASA=2.799
Fold 5: RMSE=13.288 MAE=9.499 R2=0.897 NASA=2.715

Cross-Validation Average
RMSE       : 13.534
MAE        : 9.857
R2         : 0.892
NASA Score : 2.815

Training Final CNN-LSTM Model...
Best Epoch: 12

FD001 CNN-BiLSTM-Attention final-fit diagnostics
Best epoch             : 12
Best validation loss   : 50.74041
Final training MSE     : 41.41874
Final validation MSE   : 78.47893
Validation MSE gap     : 37.06019
Fit assessment         : possible overfitting
Best validation MAE    : 7.43238
Retraining deployable CNN-LSTM on all training engines...

Final NASA Test Metrics
RMSE       : 18.399
MAE        : 13.508
R2         : 0.804
NASA Score : 5.410

Constant sensor report saved to:
E:\PdM\outputs\constant_sensors\FD002_constant_sensors.txt

Low variance sensor report saved to:
E:\PdM\outputs\low_variance_sensors\FD002_low_variance_sensors.txt

Unique operating conditions: 9824

========================================
Operating Regime Analysis : FD002
========================================
Samples              : 53759
Features             : 3
Cluster Range        : 2 - 10

Evaluating candidate clusters...

Evaluating K = 2
Evaluating K = 3
Evaluating K = 4
Evaluating K = 5
Evaluating K = 6
Evaluating K = 7
Evaluating K = 8
Evaluating K = 9
Evaluating K = 10

========================================
Cluster Evaluation Metrics
========================================
   Clusters  ...  Calinski_Harabasz
0         2  ...       6.789473e+04
1         3  ...       2.281360e+05
2         4  ...       4.968524e+05
3         5  ...       1.897869e+06
4         6  ...       7.377668e+09
5         7  ...       7.702519e+09
6         8  ...       7.884369e+09
7         9  ...       8.499977e+09
8        10  ...       9.808113e+09

[9 rows x 5 columns]

Cluster metrics saved to:
E:\PdM\dataset\processed\regime_analysis\FD002\FD002_cluster_metrics.csv

========================================
Best Cluster Count by Metric
========================================
Silhouette Score     : 6
Davies-Bouldin Index : 6
Calinski-Harabasz    : 10
Elbow Method         : 2

========================================
Final Recommendation
========================================
Recommended K : 6

Vote Summary
K = 2 : 1 vote(s)
K = 6 : 2 vote(s)
K = 10 : 1 vote(s)

Recommendation saved to:
E:\PdM\dataset\processed\regime_analysis\FD002\FD002_best_k.json

Evaluation plots saved successfully.

Optimal Clusters : 6

Fitted 6 regime scalers.

Operating regime preprocessing completed.

Train Regime Distribution
Regime_ID
0    13458
1     8044
2     8122
3     8002
4     8096
5     8037
Name: count, dtype: int64

Test Regime Distribution
Regime_ID
0    8483
1    5148
2    5063
3    5042
4    5107
5    5148
Name: count, dtype: int64
Regime identity features added: ['Regime_OneHot_0', 'Regime_OneHot_1', 'Regime_OneHot_2', 'Regime_OneHot_3', 'Regime_OneHot_4', 'Regime_OneHot_5']

Z-score normalization report saved to:
E:\PdM\outputs\normalization\FD002_zscore_report.txt
Temporal leakage audit passed and saved to:
E:\PdM\outputs\temporal_features\FD002_causal_audit.txt
Temporal degradation features added for: ['Sensor_11', 'Sensor_4', 'Sensor_15', 'Sensor_12', 'Sensor_13', 'Sensor_8']
Temporal feature report saved to:
E:\PdM\outputs\temporal_features\FD002_selected_sensors.txt

============================================================
Dataset: FD002 | Model: xgboost
============================================================
Train engines : 260
Test engines  : 259
Train windows : 41019
Test windows  : 259
Window shape  : (50, 45)

Running 5-Fold Engine-wise Cross Validation...
Fold 1: RMSE=14.446 MAE=10.886 R2=0.878 NASA=3.274
Fold 2: RMSE=14.406 MAE=10.640 R2=0.879 NASA=3.849
Fold 3: RMSE=13.935 MAE=10.421 R2=0.887 NASA=3.273
Fold 4: RMSE=13.919 MAE=10.234 R2=0.887 NASA=3.500
Fold 5: RMSE=14.824 MAE=11.071 R2=0.872 NASA=3.686

Cross-Validation Average
RMSE       : 14.306
MAE        : 10.650
R2         : 0.881
NASA Score : 3.517

Training Final XGBoost Model...
Selecting tree count using held-out truncated final windows.
Selected Trees from final-window validation: 142
Final engine-holdout validation: RMSE=12.925 MAE=9.624 R2=-0.679

Final NASA Test Metrics
RMSE       : 25.635
MAE        : 16.938
R2         : 0.773
NASA Score : 23.987

Per-regime test metrics
Regime 0: RMSE=21.899 MAE=14.186 R2=0.831
Regime 1: RMSE=28.000 MAE=17.245 R2=0.758
Regime 2: RMSE=27.884 MAE=19.790 R2=0.739
Regime 3: RMSE=26.824 MAE=18.890 R2=0.771
Regime 4: RMSE=24.919 MAE=15.507 R2=0.699
Regime 5: RMSE=26.694 MAE=18.601 R2=0.733

============================================================
Dataset: FD002 | Model: lstm
============================================================
Train engines : 260
Test engines  : 259
Train windows : 41019
Test windows  : 259
Window shape  : (50, 45)

Running 5-Fold Engine-wise Cross Validation...
Fold 1: RMSE=15.472 MAE=11.461 R2=0.860 NASA=4.058
Fold 2: RMSE=15.154 MAE=10.677 R2=0.866 NASA=6.367
Fold 3: RMSE=16.748 MAE=12.139 R2=0.836 NASA=6.759
Fold 4: RMSE=14.609 MAE=10.808 R2=0.875 NASA=3.960
Fold 5: RMSE=14.831 MAE=10.844 R2=0.872 NASA=4.566

Cross-Validation Average
RMSE       : 15.363
MAE        : 11.186
R2         : 0.862
NASA Score : 5.142

Training Final LSTM Model...
Best Epoch: 16

FD002 LSTM final-fit diagnostics
Best epoch             : 16
Best validation loss   : 32.44250
Final training MSE     : 115.45005
Final validation MSE   : 74.79208
Validation MSE gap     : -40.65797
Fit assessment         : reasonable fit
Best validation MAE    : 6.71038
Retraining deployable LSTM on all training engines...

Final NASA Test Metrics
RMSE       : 29.225
MAE        : 19.457
R2         : 0.705
NASA Score : 39.888

Per-regime test metrics
Regime 0: RMSE=25.550 MAE=16.794 R2=0.771
Regime 1: RMSE=30.565 MAE=19.891 R2=0.712
Regime 2: RMSE=31.217 MAE=21.879 R2=0.673
Regime 3: RMSE=29.920 MAE=21.089 R2=0.715
Regime 4: RMSE=25.004 MAE=16.072 R2=0.697
Regime 5: RMSE=35.235 MAE=23.681 R2=0.534

============================================================
Dataset: FD002 | Model: cnn_lstm
============================================================
Train engines : 260
Test engines  : 259
Train windows : 41019
Test windows  : 259
Window shape  : (50, 45)

Running 5-Fold Engine-wise Cross Validation...
Fold 1: RMSE=16.893 MAE=12.478 R2=0.833 NASA=4.485
Fold 2: RMSE=15.944 MAE=12.279 R2=0.852 NASA=4.962
Fold 3: RMSE=15.974 MAE=12.079 R2=0.851 NASA=4.482
Fold 4: RMSE=15.207 MAE=11.057 R2=0.865 NASA=3.747
Fold 5: RMSE=15.344 MAE=11.445 R2=0.863 NASA=4.078

Cross-Validation Average
RMSE       : 15.873
MAE        : 11.868
R2         : 0.853
NASA Score : 4.351

Training Final CNN-LSTM Model...
Best Epoch: 13

FD002 CNN-BiLSTM-Attention final-fit diagnostics
Best epoch             : 13
Best validation loss   : 63.70093
Final training MSE     : 101.07867
Final validation MSE   : 70.48277
Validation MSE gap     : -30.59591
Fit assessment         : reasonable fit
Best validation MAE    : 6.53088
Retraining deployable CNN-LSTM on all training engines...

Final NASA Test Metrics
RMSE       : 30.638
MAE        : 22.143
R2         : 0.675
NASA Score : 56.420

Per-regime test metrics
Regime 0: RMSE=28.239 MAE=20.156 R2=0.720
Regime 1: RMSE=31.322 MAE=21.812 R2=0.697
Regime 2: RMSE=37.194 MAE=28.355 R2=0.536
Regime 3: RMSE=31.261 MAE=24.393 R2=0.689
Regime 4: RMSE=25.418 MAE=17.167 R2=0.687
Regime 5: RMSE=32.213 MAE=23.574 R2=0.611

Constant sensor report saved to:
E:\PdM\outputs\constant_sensors\FD003_constant_sensors.txt

Low variance sensor report saved to:
E:\PdM\outputs\low_variance_sensors\FD003_low_variance_sensors.txt

Z-score normalization report saved to:
E:\PdM\outputs\normalization\FD003_zscore_report.txt

============================================================
Dataset: FD003 | Model: xgboost
============================================================
Train engines : 100
Test engines  : 100
Train windows : 19820
Test windows  : 100
Window shape  : (50, 14)

Running 5-Fold Engine-wise Cross Validation...
Fold 1: RMSE=12.283 MAE=8.658 R2=0.914 NASA=2.598
Fold 2: RMSE=11.285 MAE=7.817 R2=0.927 NASA=1.954
Fold 3: RMSE=11.697 MAE=7.735 R2=0.922 NASA=2.590
Fold 4: RMSE=13.516 MAE=9.481 R2=0.896 NASA=2.714
Fold 5: RMSE=13.070 MAE=8.794 R2=0.902 NASA=2.670

Cross-Validation Average
RMSE       : 12.370
MAE        : 8.497
R2         : 0.912
NASA Score : 2.505

Training Final XGBoost Model...
Selecting tree count using held-out truncated final windows.
Selected Trees from final-window validation: 178
Final engine-holdout validation: RMSE=10.811 MAE=9.192 R2=0.505

Final NASA Test Metrics
RMSE       : 15.403
MAE        : 11.398
R2         : 0.862
NASA Score : 4.761

============================================================
Dataset: FD003 | Model: lstm
============================================================
Train engines : 100
Test engines  : 100
Train windows : 19820
Test windows  : 100
Window shape  : (50, 14)

Running 5-Fold Engine-wise Cross Validation...
Fold 1: RMSE=11.931 MAE=7.338 R2=0.919 NASA=4.131
Fold 2: RMSE=9.302 MAE=5.395 R2=0.951 NASA=1.865
Fold 3: RMSE=10.948 MAE=6.616 R2=0.932 NASA=2.987
Fold 4: RMSE=12.710 MAE=8.727 R2=0.908 NASA=2.728
Fold 5: RMSE=12.791 MAE=7.652 R2=0.907 NASA=2.954

Cross-Validation Average
RMSE       : 11.537
MAE        : 7.146
R2         : 0.923
NASA Score : 2.933

Training Final LSTM Model...
Best Epoch: 12

FD003 LSTM final-fit diagnostics
Best epoch             : 12
Best validation loss   : 23.76451
Final training MSE     : 70.01035
Final validation MSE   : 48.44538
Validation MSE gap     : -21.56497
Fit assessment         : reasonable fit
Best validation MAE    : 5.67428
Retraining deployable LSTM on all training engines...

Final NASA Test Metrics
RMSE       : 14.338
MAE        : 10.306
R2         : 0.880
NASA Score : 3.809

============================================================
Dataset: FD003 | Model: cnn_lstm
============================================================
Train engines : 100
Test engines  : 100
Train windows : 19820
Test windows  : 100
Window shape  : (50, 14)

Running 5-Fold Engine-wise Cross Validation...
Fold 1: RMSE=12.264 MAE=8.183 R2=0.914 NASA=2.540
Fold 2: RMSE=10.732 MAE=7.381 R2=0.934 NASA=2.139
Fold 3: RMSE=11.246 MAE=7.218 R2=0.928 NASA=2.653
Fold 4: RMSE=14.494 MAE=9.399 R2=0.880 NASA=3.928
Fold 5: RMSE=11.996 MAE=7.790 R2=0.918 NASA=2.339

Cross-Validation Average
RMSE       : 12.146
MAE        : 7.994
R2         : 0.915
NASA Score : 2.720

Training Final CNN-LSTM Model...
Best Epoch: 13

FD003 CNN-BiLSTM-Attention final-fit diagnostics
Best epoch             : 13
Best validation loss   : 57.43676
Final training MSE     : 66.72086
Final validation MSE   : 103.70039
Validation MSE gap     : 36.97953
Fit assessment         : possible overfitting
Best validation MAE    : 8.27294
Retraining deployable CNN-LSTM on all training engines...

Final NASA Test Metrics
RMSE       : 15.061
MAE        : 10.980
R2         : 0.868
NASA Score : 4.976

Constant sensor report saved to:
E:\PdM\outputs\constant_sensors\FD004_constant_sensors.txt

Low variance sensor report saved to:
E:\PdM\outputs\low_variance_sensors\FD004_low_variance_sensors.txt

Unique operating conditions: 10232

========================================
Operating Regime Analysis : FD004
========================================
Samples              : 61249
Features             : 3
Cluster Range        : 2 - 10

Evaluating candidate clusters...

Evaluating K = 2
Evaluating K = 3
Evaluating K = 4
Evaluating K = 5
Evaluating K = 6
Evaluating K = 7
Evaluating K = 8
Evaluating K = 9
Evaluating K = 10

========================================
Cluster Evaluation Metrics
========================================
   Clusters  ...  Calinski_Harabasz
0         2  ...       7.770337e+04
1         3  ...       2.631540e+05
2         4  ...       5.666023e+05
3         5  ...       2.168085e+06
4         6  ...       8.432064e+09
5         7  ...       8.844210e+09
6         8  ...       9.003482e+09
7         9  ...       9.687869e+09
8        10  ...       1.116195e+10

[9 rows x 5 columns]

Cluster metrics saved to:
E:\PdM\dataset\processed\regime_analysis\FD004\FD004_cluster_metrics.csv

========================================
Best Cluster Count by Metric
========================================
Silhouette Score     : 6
Davies-Bouldin Index : 6
Calinski-Harabasz    : 10
Elbow Method         : 2

========================================
Final Recommendation
========================================
Recommended K : 6

Vote Summary
K = 2 : 1 vote(s)
K = 6 : 2 vote(s)
K = 10 : 1 vote(s)

Recommendation saved to:
E:\PdM\dataset\processed\regime_analysis\FD004\FD004_best_k.json

Evaluation plots saved successfully.

Optimal Clusters : 6

Fitted 6 regime scalers.

Operating regime preprocessing completed.

Train Regime Distribution
Regime_ID
0    15395
1     9224
2     9139
3     9091
4     9238
5     9162
Name: count, dtype: int64

Test Regime Distribution
Regime_ID
0    10382
1     6185
2     6107
3     6254
4     6054
5     6232
Name: count, dtype: int64
Regime identity features added: ['Regime_OneHot_0', 'Regime_OneHot_1', 'Regime_OneHot_2', 'Regime_OneHot_3', 'Regime_OneHot_4', 'Regime_OneHot_5']

Z-score normalization report saved to:
E:\PdM\outputs\normalization\FD004_zscore_report.txt
Temporal leakage audit passed and saved to:
E:\PdM\outputs\temporal_features\FD004_causal_audit.txt
Temporal degradation features added for: ['Sensor_11', 'Sensor_4', 'Sensor_17', 'Sensor_8', 'Sensor_13', 'Sensor_9']
Temporal feature report saved to:
E:\PdM\outputs\temporal_features\FD004_selected_sensors.txt

============================================================
Dataset: FD004 | Model: xgboost
============================================================
Train engines : 249
Test engines  : 248
Train windows : 49048
Test windows  : 248
Window shape  : (50, 45)

Running 5-Fold Engine-wise Cross Validation...
Fold 1: RMSE=13.781 MAE=9.645 R2=0.892 NASA=3.434
Fold 2: RMSE=13.642 MAE=9.379 R2=0.894 NASA=3.422
Fold 3: RMSE=13.131 MAE=9.513 R2=0.902 NASA=3.072
Fold 4: RMSE=14.966 MAE=10.010 R2=0.873 NASA=18.064
Fold 5: RMSE=16.595 MAE=10.400 R2=0.843 NASA=28.377

Cross-Validation Average
RMSE       : 14.423
MAE        : 9.789
R2         : 0.881
NASA Score : 11.274

Training Final XGBoost Model...
Selecting tree count using held-out truncated final windows.
Selected Trees from final-window validation: 317
Final engine-holdout validation: RMSE=15.784 MAE=11.069 R2=-0.612

Final NASA Test Metrics
RMSE       : 26.287
MAE        : 18.320
R2         : 0.768
NASA Score : 19.426

Per-regime test metrics
Regime 0: RMSE=27.993 MAE=19.615 R2=0.690
Regime 1: RMSE=26.602 MAE=19.274 R2=0.786
Regime 2: RMSE=26.583 MAE=17.854 R2=0.775
Regime 3: RMSE=22.790 MAE=15.559 R2=0.823
Regime 4: RMSE=28.495 MAE=21.863 R2=0.739
Regime 5: RMSE=24.211 MAE=15.934 R2=0.805

============================================================
Dataset: FD004 | Model: lstm
============================================================
Train engines : 249
Test engines  : 248
Train windows : 49048
Test windows  : 248
Window shape  : (50, 45)

Running 5-Fold Engine-wise Cross Validation...
Fold 1: RMSE=14.698 MAE=10.332 R2=0.877 NASA=4.962
Fold 2: RMSE=14.675 MAE=10.169 R2=0.877 NASA=4.660
Fold 3: RMSE=15.245 MAE=10.791 R2=0.868 NASA=4.685
Fold 4: RMSE=15.644 MAE=10.431 R2=0.861 NASA=15.898
Fold 5: RMSE=17.016 MAE=10.421 R2=0.835 NASA=20.559

Cross-Validation Average
RMSE       : 15.456
MAE        : 10.429
R2         : 0.864
NASA Score : 10.153

Training Final LSTM Model...
Best Epoch: 8

FD004 LSTM final-fit diagnostics
Best epoch             : 8
Best validation loss   : 60.86456
Final training MSE     : 147.86700
Final validation MSE   : 229.58215
Validation MSE gap     : 81.71515
Fit assessment         : possible overfitting
Best validation MAE    : 10.21715
Retraining deployable LSTM on all training engines...

Final NASA Test Metrics
RMSE       : 27.119
MAE        : 19.110
R2         : 0.753
NASA Score : 21.694

Per-regime test metrics
Regime 0: RMSE=26.546 MAE=19.265 R2=0.722
Regime 1: RMSE=28.060 MAE=20.750 R2=0.762
Regime 2: RMSE=28.715 MAE=20.221 R2=0.737
Regime 3: RMSE=23.620 MAE=16.036 R2=0.810
Regime 4: RMSE=30.146 MAE=21.619 R2=0.708
Regime 5: RMSE=26.228 MAE=17.385 R2=0.771

============================================================
Dataset: FD004 | Model: cnn_lstm
============================================================
Train engines : 249
Test engines  : 248
Train windows : 49048
Test windows  : 248
Window shape  : (50, 45)

Running 5-Fold Engine-wise Cross Validation...
Fold 1: RMSE=15.964 MAE=10.791 R2=0.855 NASA=6.464
Fold 2: RMSE=15.292 MAE=9.975 R2=0.866 NASA=5.381
Fold 3: RMSE=15.741 MAE=10.630 R2=0.859 NASA=5.152
Fold 4: RMSE=17.388 MAE=12.363 R2=0.828 NASA=12.280
Fold 5: RMSE=18.741 MAE=12.783 R2=0.800 NASA=16.853

Cross-Validation Average
RMSE       : 16.625
MAE        : 11.308
R2         : 0.842
NASA Score : 9.226

Training Final CNN-LSTM Model...
Best Epoch: 34

FD004 CNN-BiLSTM-Attention final-fit diagnostics
Best epoch             : 34
Best validation loss   : 91.67708
Final training MSE     : 211.51591
Final validation MSE   : 201.61258
Validation MSE gap     : -9.90334
Fit assessment         : reasonable fit
Best validation MAE    : 10.43182
Retraining deployable CNN-LSTM on all training engines...

Final NASA Test Metrics
RMSE       : 28.810
MAE        : 21.892
R2         : 0.721
NASA Score : 30.524

Per-regime test metrics
Regime 0: RMSE=30.203 MAE=22.059 R2=0.640
Regime 1: RMSE=31.760 MAE=25.654 R2=0.695
Regime 2: RMSE=29.960 MAE=23.391 R2=0.714
Regime 3: RMSE=25.103 MAE=17.297 R2=0.785
Regime 4: RMSE=29.106 MAE=23.604 R2=0.727
Regime 5: RMSE=25.613 MAE=20.064 R2=0.782

All datasets and models completed successfully.
Total execution time: 04:48:18
Log file saved to: logs\run_20260804_085731.log
