1c
NASA C-MAPSS Predictive Maintenance
Models: cnn_lstm

Constant sensor report saved to:
E:\PdM\outputs\constant_sensors\FD002_constant_sensors.txt

Low variance sensor report saved to:
E:\PdM\outputs\low_variance_sensors\FD002_low_variance_sensors.txt

Unique operating conditions: 9824

========================================
Operating Regime Analysis : FD002
========================================
Samples              : 53759
Features             : 3
Cluster Range        : 2 - 10

Evaluating candidate clusters...

Evaluating K = 2
Evaluating K = 3
Evaluating K = 4
Evaluating K = 5
Evaluating K = 6
Evaluating K = 7
Evaluating K = 8
Evaluating K = 9
Evaluating K = 10

========================================
Cluster Evaluation Metrics
========================================
   Clusters  ...  Calinski_Harabasz
0         2  ...       6.789473e+04
1         3  ...       2.281360e+05
2         4  ...       4.968524e+05
3         5  ...       1.897869e+06
4         6  ...       7.377668e+09
5         7  ...       7.702519e+09
6         8  ...       7.884369e+09
7         9  ...       8.499977e+09
8        10  ...       9.808113e+09

[9 rows x 5 columns]

Cluster metrics saved to:
E:\PdM\dataset\processed\regime_analysis\FD002\FD002_cluster_metrics.csv

========================================
Best Cluster Count by Metric
========================================
Silhouette Score     : 6
Davies-Bouldin Index : 6
Calinski-Harabasz    : 10
Elbow Method         : 2

========================================
Final Recommendation
========================================
Recommended K : 6

Vote Summary
K = 2 : 1 vote(s)
K = 6 : 2 vote(s)
K = 10 : 1 vote(s)

Recommendation saved to:
E:\PdM\dataset\processed\regime_analysis\FD002\FD002_best_k.json

Evaluation plots saved successfully.

Optimal Clusters : 6

Fitted 6 regime scalers.

Operating regime preprocessing completed.

Train Regime Distribution
Regime_ID
0    13458
1     8044
2     8122
3     8002
4     8096
5     8037
Name: count, dtype: int64

Test Regime Distribution
Regime_ID
0    8483
1    5148
2    5063
3    5042
4    5107
5    5148
Name: count, dtype: int64
Regime identity features added: ['Regime_OneHot_0', 'Regime_OneHot_1', 'Regime_OneHot_2', 'Regime_OneHot_3', 'Regime_OneHot_4', 'Regime_OneHot_5']

Z-score normalization report saved to:
E:\PdM\outputs\normalization\FD002_zscore_report.txt
Temporal leakage audit passed and saved to:
E:\PdM\outputs\temporal_features\FD002_causal_audit.txt
Temporal degradation features added for: ['Sensor_11', 'Sensor_4', 'Sensor_15', 'Sensor_12', 'Sensor_13', 'Sensor_8']
Temporal feature report saved to:
E:\PdM\outputs\temporal_features\FD002_selected_sensors.txt

============================================================
Dataset: FD002 | Model: cnn_lstm
============================================================
Train engines : 260
Test engines  : 259
Train windows : 41019
Test windows  : 259
Window shape  : (50, 45)

Running 5-Fold Engine-wise Cross Validation...
Fold 1: RMSE=15.381 MAE=11.359 R2=0.862 NASA=3.991
Fold 2: RMSE=16.416 MAE=12.948 R2=0.843 NASA=4.906
Fold 3: RMSE=15.275 MAE=11.726 R2=0.864 NASA=3.637
Fold 4: RMSE=15.233 MAE=11.455 R2=0.865 NASA=4.443
Fold 5: RMSE=16.760 MAE=12.530 R2=0.836 NASA=4.863

Cross-Validation Average
RMSE       : 15.813
MAE        : 12.004
R2         : 0.854
NASA Score : 4.368

Training Final CNN-LSTM Model...
Best Epoch: 3

FD002 CNN-BiLSTM-Attention final-fit diagnostics
Best epoch             : 3
Best validation loss   : 73.56516
Final training MSE     : 176.12848
Final validation MSE   : 142.00310
Validation MSE gap     : -34.12538
Fit assessment         : reasonable fit
Best validation MAE    : 9.44745
Retraining deployable CNN-LSTM on all training engines...

Final NASA Test Metrics
RMSE       : 25.831
MAE        : 18.539
R2         : 0.769
NASA Score : 19.977

Per-regime test metrics
Regime 0: RMSE=22.615 MAE=16.171 R2=0.820
Regime 1: RMSE=28.850 MAE=19.995 R2=0.743
Regime 2: RMSE=27.171 MAE=20.076 R2=0.753
Regime 3: RMSE=26.473 MAE=20.038 R2=0.777
Regime 4: RMSE=24.206 MAE=16.920 R2=0.716
Regime 5: RMSE=27.637 MAE=20.059 R2=0.713

Constant sensor report saved to:
E:\PdM\outputs\constant_sensors\FD004_constant_sensors.txt

Low variance sensor report saved to:
E:\PdM\outputs\low_variance_sensors\FD004_low_variance_sensors.txt

Unique operating conditions: 10232

========================================
Operating Regime Analysis : FD004
========================================
Samples              : 61249
Features             : 3
Cluster Range        : 2 - 10

Evaluating candidate clusters...

Evaluating K = 2
Evaluating K = 3
Evaluating K = 4
Evaluating K = 5
Evaluating K = 6
Evaluating K = 7
Evaluating K = 8
Evaluating K = 9
Evaluating K = 10

========================================
Cluster Evaluation Metrics
========================================
   Clusters  ...  Calinski_Harabasz
0         2  ...       7.770337e+04
1         3  ...       2.631540e+05
2         4  ...       5.666023e+05
3         5  ...       2.168085e+06
4         6  ...       8.432064e+09
5         7  ...       8.844210e+09
6         8  ...       9.003482e+09
7         9  ...       9.687869e+09
8        10  ...       1.116195e+10

[9 rows x 5 columns]

Cluster metrics saved to:
E:\PdM\dataset\processed\regime_analysis\FD004\FD004_cluster_metrics.csv

========================================
Best Cluster Count by Metric
========================================
Silhouette Score     : 6
Davies-Bouldin Index : 6
Calinski-Harabasz    : 10
Elbow Method         : 2

========================================
Final Recommendation
========================================
Recommended K : 6

Vote Summary
K = 2 : 1 vote(s)
K = 6 : 2 vote(s)
K = 10 : 1 vote(s)

Recommendation saved to:
E:\PdM\dataset\processed\regime_analysis\FD004\FD004_best_k.json

Evaluation plots saved successfully.

Optimal Clusters : 6

Fitted 6 regime scalers.

Operating regime preprocessing completed.

Train Regime Distribution
Regime_ID
0    15395
1     9224
2     9139
3     9091
4     9238
5     9162
Name: count, dtype: int64

Test Regime Distribution
Regime_ID
0    10382
1     6185
2     6107
3     6254
4     6054
5     6232
Name: count, dtype: int64
Regime identity features added: ['Regime_OneHot_0', 'Regime_OneHot_1', 'Regime_OneHot_2', 'Regime_OneHot_3', 'Regime_OneHot_4', 'Regime_OneHot_5']

Z-score normalization report saved to:
E:\PdM\outputs\normalization\FD004_zscore_report.txt
Temporal leakage audit passed and saved to:
E:\PdM\outputs\temporal_features\FD004_causal_audit.txt
Temporal degradation features added for: ['Sensor_11', 'Sensor_4', 'Sensor_17', 'Sensor_8', 'Sensor_13', 'Sensor_9']
Temporal feature report saved to:
E:\PdM\outputs\temporal_features\FD004_selected_sensors.txt

============================================================
Dataset: FD004 | Model: cnn_lstm
============================================================
Train engines : 249
Test engines  : 248
Train windows : 49048
Test windows  : 248
Window shape  : (50, 45)

Running 5-Fold Engine-wise Cross Validation...
Fold 1: RMSE=16.271 MAE=11.203 R2=0.849 NASA=5.536
Fold 2: RMSE=13.813 MAE=9.816 R2=0.891 NASA=3.584
Fold 3: RMSE=15.393 MAE=11.614 R2=0.865 NASA=4.792
Fold 4: RMSE=16.883 MAE=11.786 R2=0.838 NASA=13.520
Fold 5: RMSE=18.127 MAE=12.328 R2=0.813 NASA=17.208

Cross-Validation Average
RMSE       : 16.098
MAE        : 11.349
R2         : 0.851
NASA Score : 8.928

Training Final CNN-LSTM Model...
Best Epoch: 6

FD004 CNN-BiLSTM-Attention final-fit diagnostics
Best epoch             : 6
Best validation loss   : 131.76362
Final training MSE     : 90.97987
Final validation MSE   : 373.78088
Validation MSE gap     : 282.80101
Fit assessment         : possible overfitting
Best validation MAE    : 14.08946
Retraining deployable CNN-LSTM on all training engines...

Final NASA Test Metrics
RMSE       : 28.874
MAE        : 21.546
R2         : 0.720
NASA Score : 28.496

Per-regime test metrics
Regime 0: RMSE=28.278 MAE=20.550 R2=0.684
Regime 1: RMSE=32.456 MAE=26.447 R2=0.682
Regime 2: RMSE=28.565 MAE=20.895 R2=0.740
Regime 3: RMSE=26.895 MAE=19.429 R2=0.753
Regime 4: RMSE=28.578 MAE=22.755 R2=0.737
Regime 5: RMSE=29.099 MAE=20.940 R2=0.718

All datasets and models completed successfully.
Total execution time: 01:33:11
Log file saved to: logs\run_20260804_222249.log
