
NASA C-MAPSS Predictive Maintenance
Models: xgboost, lstm, cnn_lstm

Constant sensor report saved to:
E:\PdM\outputs\constant_sensors\FD001_constant_sensors.txt

Low variance sensor report saved to:
E:\PdM\outputs\low_variance_sensors\FD001_low_variance_sensors.txt

============================================================
Dataset: FD001 | Model: xgboost
============================================================
Train engines : 100
Test engines  : 100
Train windows : 17731
Test windows  : 100
Window shape  : (30, 14)

Running 5-Fold Engine-wise Cross Validation...
Fold 1: RMSE=15.307 MAE=11.705 R2=0.866 NASA=14072.037
Fold 2: RMSE=15.291 MAE=11.429 R2=0.866 NASA=14046.583
Fold 3: RMSE=13.693 MAE=10.275 R2=0.893 NASA=11370.134
Fold 4: RMSE=15.421 MAE=11.617 R2=0.864 NASA=17543.291
Fold 5: RMSE=14.063 MAE=10.485 R2=0.887 NASA=12900.568

Cross-Validation Average
RMSE       : 14.755
MAE        : 11.102
R2         : 0.875
NASA Score : 13986.523

Training Final Model...
Selected Trees: 1088

Final NASA Test Metrics
RMSE       : 14.314
MAE        : 10.982
R2         : 0.881
NASA Score : 322.917

============================================================
Dataset: FD001 | Model: lstm
============================================================
Train engines : 100
Test engines  : 100
Train windows : 17731
Test windows  : 100
Window shape  : (30, 14)

Running 5-Fold Engine-wise Cross Validation...
Fold 1: RMSE=14.609 MAE=10.330 R2=0.878 NASA=16154.446
Fold 2: RMSE=13.722 MAE=10.022 R2=0.892 NASA=12677.620
Fold 3: RMSE=13.036 MAE=9.482 R2=0.903 NASA=9657.532
Fold 4: RMSE=14.372 MAE=10.179 R2=0.882 NASA=17834.663
Fold 5: RMSE=14.300 MAE=10.172 R2=0.883 NASA=16172.475

Cross-Validation Average
RMSE       : 14.008
MAE        : 10.037
R2         : 0.888
NASA Score : 14499.347

Training Final Model...

Final NASA Test Metrics
RMSE       : 14.870
MAE        : 11.601
R2         : 0.872
NASA Score : 374.047

============================================================
Dataset: FD001 | Model: cnn_lstm
============================================================
Train engines : 100
Test engines  : 100
Train windows : 17731
Test windows  : 100
Window shape  : (30, 14)

Running 5-Fold Engine-wise Cross Validation...
Fold 1: RMSE=16.248 MAE=11.204 R2=0.849 NASA=21680.206
Fold 2: RMSE=18.307 MAE=12.727 R2=0.808 NASA=47543.529
Fold 3: RMSE=13.218 MAE=9.324 R2=0.900 NASA=11921.498
Fold 4: RMSE=18.709 MAE=12.784 R2=0.800 NASA=55461.562
Fold 5: RMSE=14.976 MAE=10.628 R2=0.872 NASA=15425.899

Cross-Validation Average
RMSE       : 16.292
MAE        : 11.333
R2         : 0.846
NASA Score : 30406.539

Training Final CNN-LSTM Model...
Epoch details are shown below.
============================================================
Model path: WindowsPath('E:/PdM/models/FD001_cnn_lstm.keras')
Exists: True
Is dir: True
============================================================

Best Epoch: 8
Best Validation Loss: 214.84315
Early stopping activated at epoch 23.

Final NASA Test Metrics
RMSE       : 16.980
MAE        : 12.089
R2         : 0.833
NASA Score : 636.654

Constant sensor report saved to:
E:\PdM\outputs\constant_sensors\FD002_constant_sensors.txt

Low variance sensor report saved to:
E:\PdM\outputs\low_variance_sensors\FD002_low_variance_sensors.txt

Unique operating conditions: 9824

========================================
Operating Regime Analysis : FD002
========================================
Samples              : 53759
Features             : 3
Cluster Range        : 2 - 10

Evaluating candidate clusters...

Evaluating K = 2
Evaluating K = 3
Evaluating K = 4
Evaluating K = 5
Evaluating K = 6
Evaluating K = 7
Evaluating K = 8
Evaluating K = 9
Evaluating K = 10

========================================
Cluster Evaluation Metrics
========================================
   Clusters     Inertia  ...  Davies_Bouldin  Calinski_Harabasz
0         2  71267.1151  ...          0.6091       6.789473e+04
1         3  16998.2963  ...          0.3121       2.281360e+05
2         4   5613.7910  ...          0.2199       4.968524e+05
3         5   1133.9468  ...          0.1072       1.897869e+06
4         6      0.2350  ...          0.0045       7.377668e+09
5         7      0.1876  ...          0.1126       7.702519e+09
6         8      0.1573  ...          0.1939       7.884369e+09
7         9      0.1276  ...          0.2564       8.499977e+09
8        10      0.0984  ...          0.3022       9.808113e+09

[9 rows x 5 columns]

Cluster metrics saved to:
E:\PdM\dataset\processed\regime_analysis\FD002\FD002_cluster_metrics.csv

========================================
Best Cluster Count by Metric
========================================
Silhouette Score     : 6
Davies-Bouldin Index : 6
Calinski-Harabasz    : 10
Elbow Method         : 2

========================================
Final Recommendation
========================================
Recommended K : 6

Vote Summary
K = 2 : 1 vote(s)
K = 6 : 2 vote(s)
K = 10 : 1 vote(s)

Recommendation saved to:
E:\PdM\dataset\processed\regime_analysis\FD002\FD002_best_k.json

Evaluation plots saved successfully.

Optimal Clusters : 6

Fitted 6 regime scalers.

Operating regime preprocessing completed.
E:\PdM\src\preprocess\regime_processor.py:179: FutureWarning: Setting an item of incompatible dtype is deprecated and will raise an error in a future version of pandas. Value '[-0.75709823 -1.46698662 -0.75709823 ...  2.08245531  2.08245531
  2.08245531]' has dtype incompatible with int64, please explicitly cast to a compatible dtype first.
  dataframe.loc[
E:\PdM\src\preprocess\regime_processor.py:179: FutureWarning: Setting an item of incompatible dtype is deprecated and will raise an error in a future version of pandas. Value '[ 0.66267854 -0.75709823 -0.75709823 ...  0.66267854 -0.04720985
 -0.04720985]' has dtype incompatible with int64, please explicitly cast to a compatible dtype first.
  dataframe.loc[

Train Regime Distribution
Regime_ID
0    13458
1     8044
2     8122
3     8002
4     8096
5     8037
Name: count, dtype: int64

Test Regime Distribution
Regime_ID
0    8483
1    5148
2    5063
3    5042
4    5107
5    5148
Name: count, dtype: int64
Traceback (most recent call last):
  File "E:\PdM\main.py", line 160, in <module>
    main()
  File "E:\PdM\main.py", line 113, in main
    bundle = pipeline.run()
  File "E:\PdM\src\pipeline.py", line 125, in run
    save_processed_data(
  File "E:\PdM\src\preprocessing.py", line 41, in save_processed_data
    train.to_csv(
  File "C:\Users\mshet\AppData\Local\Programs\Python\Python310\lib\site-packages\pandas\util\_decorators.py", line 333, in wrapper
    return func(*args, **kwargs)
  File "C:\Users\mshet\AppData\Local\Programs\Python\Python310\lib\site-packages\pandas\core\generic.py", line 3967, in to_csv
    return DataFrameRenderer(formatter).to_csv(
  File "C:\Users\mshet\AppData\Local\Programs\Python\Python310\lib\site-packages\pandas\io\formats\format.py", line 1014, in to_csv
    csv_formatter.save()
  File "C:\Users\mshet\AppData\Local\Programs\Python\Python310\lib\site-packages\pandas\io\formats\csvs.py", line 251, in save
    with get_handle(
  File "C:\Users\mshet\AppData\Local\Programs\Python\Python310\lib\site-packages\pandas\io\common.py", line 873, in get_handle
    handle = open(
OSError: [Errno 22] Invalid argument: 'E:\\PdM\\dataset\\processed\\FD002_train.csv'
