1e
NASA C-MAPSS Predictive Maintenance
Models: cnn_lstm

Constant sensor report saved to:
E:\PdM\outputs\constant_sensors\FD002_constant_sensors.txt

Low variance sensor report saved to:
E:\PdM\outputs\low_variance_sensors\FD002_low_variance_sensors.txt

Unique operating conditions: 9824

========================================
Operating Regime Analysis : FD002
========================================
Samples              : 53759
Features             : 3
Cluster Range        : 2 - 10

Evaluating candidate clusters...

Evaluating K = 2
Evaluating K = 3
Evaluating K = 4
Evaluating K = 5
Evaluating K = 6
Evaluating K = 7
Evaluating K = 8
Evaluating K = 9
Evaluating K = 10

========================================
Cluster Evaluation Metrics
========================================
   Clusters  ...  Calinski_Harabasz
0         2  ...       6.789473e+04
1         3  ...       2.281360e+05
2         4  ...       4.968524e+05
3         5  ...       1.897869e+06
4         6  ...       7.377668e+09
5         7  ...       7.702519e+09
6         8  ...       7.884369e+09
7         9  ...       8.499977e+09
8        10  ...       9.808113e+09

[9 rows x 5 columns]

Cluster metrics saved to:
E:\PdM\dataset\processed\regime_analysis\FD002\FD002_cluster_metrics.csv

========================================
Best Cluster Count by Metric
========================================
Silhouette Score     : 6
Davies-Bouldin Index : 6
Calinski-Harabasz    : 10
Elbow Method         : 2

========================================
Final Recommendation
========================================
Recommended K : 6

Vote Summary
K = 2 : 1 vote(s)
K = 6 : 2 vote(s)
K = 10 : 1 vote(s)

Recommendation saved to:
E:\PdM\dataset\processed\regime_analysis\FD002\FD002_best_k.json

Evaluation plots saved successfully.

Optimal Clusters : 6

Fitted 6 regime scalers.

Operating regime preprocessing completed.

Train Regime Distribution
Regime_ID
0    13458
1     8044
2     8122
3     8002
4     8096
5     8037
Name: count, dtype: int64

Test Regime Distribution
Regime_ID
0    8483
1    5148
2    5063
3    5042
4    5107
5    5148
Name: count, dtype: int64
Regime identity features added: ['Regime_OneHot_0', 'Regime_OneHot_1', 'Regime_OneHot_2', 'Regime_OneHot_3', 'Regime_OneHot_4', 'Regime_OneHot_5']

Z-score normalization report saved to:
E:\PdM\outputs\normalization\FD002_zscore_report.txt
Temporal leakage audit passed and saved to:
E:\PdM\outputs\temporal_features\FD002_causal_audit.txt
Temporal degradation features added for: ['Sensor_11', 'Sensor_4', 'Sensor_15', 'Sensor_12', 'Sensor_13', 'Sensor_8']
Temporal feature report saved to:
E:\PdM\outputs\temporal_features\FD002_selected_sensors.txt

============================================================
Dataset: FD002 | Model: cnn_lstm
============================================================
Train engines : 260
Test engines  : 259
Train windows : 41019
Test windows  : 259
Window shape  : (50, 45)

Running 5-Fold Engine-wise Cross Validation...
Fold 1: RMSE=15.266 MAE=11.267 R2=0.864 NASA=3.907
Fold 2: RMSE=14.982 MAE=11.657 R2=0.869 NASA=3.863
Fold 3: RMSE=16.008 MAE=11.888 R2=0.850 NASA=4.004
Fold 4: RMSE=14.047 MAE=10.235 R2=0.885 NASA=3.812
Fold 5: RMSE=15.832 MAE=11.911 R2=0.854 NASA=5.204

Cross-Validation Average
RMSE       : 15.227
MAE        : 11.392
R2         : 0.864
NASA Score : 4.158

Training Final CNN-LSTM Model...
Best Epoch: 42

FD002 CNN-BiLSTM-Attention final-fit diagnostics
Best epoch             : 42
Best validation loss   : 58.84383
Final training MSE     : 95.58887
Final validation MSE   : 110.27807
Validation MSE gap     : 14.68920
Fit assessment         : reasonable fit
Best validation MAE    : 7.77277
Retraining deployable CNN-LSTM on all training engines...

Final NASA Test Metrics
RMSE       : 27.985
MAE        : 19.435
R2         : 0.729
NASA Score : 36.934

Per-regime test metrics
Regime 0: RMSE=23.361 MAE=15.434 R2=0.808
Regime 1: RMSE=30.904 MAE=21.182 R2=0.705
Regime 2: RMSE=34.171 MAE=24.170 R2=0.609
Regime 3: RMSE=28.282 MAE=21.551 R2=0.745
Regime 4: RMSE=25.662 MAE=18.504 R2=0.681
Regime 5: RMSE=28.569 MAE=19.444 R2=0.694

Constant sensor report saved to:
E:\PdM\outputs\constant_sensors\FD004_constant_sensors.txt

Low variance sensor report saved to:
E:\PdM\outputs\low_variance_sensors\FD004_low_variance_sensors.txt

Unique operating conditions: 10232

========================================
Operating Regime Analysis : FD004
========================================
Samples              : 61249
Features             : 3
Cluster Range        : 2 - 10

Evaluating candidate clusters...

Evaluating K = 2
Evaluating K = 3
Evaluating K = 4
Evaluating K = 5
Evaluating K = 6
Evaluating K = 7
Evaluating K = 8
Evaluating K = 9
Evaluating K = 10

========================================
Cluster Evaluation Metrics
========================================
   Clusters  ...  Calinski_Harabasz
0         2  ...       7.770337e+04
1         3  ...       2.631540e+05
2         4  ...       5.666023e+05
3         5  ...       2.168085e+06
4         6  ...       8.432064e+09
5         7  ...       8.844210e+09
6         8  ...       9.003482e+09
7         9  ...       9.687869e+09
8        10  ...       1.116195e+10

[9 rows x 5 columns]

Cluster metrics saved to:
E:\PdM\dataset\processed\regime_analysis\FD004\FD004_cluster_metrics.csv

========================================
Best Cluster Count by Metric
========================================
Silhouette Score     : 6
Davies-Bouldin Index : 6
Calinski-Harabasz    : 10
Elbow Method         : 2

========================================
Final Recommendation
========================================
Recommended K : 6

Vote Summary
K = 2 : 1 vote(s)
K = 6 : 2 vote(s)
K = 10 : 1 vote(s)

Recommendation saved to:
E:\PdM\dataset\processed\regime_analysis\FD004\FD004_best_k.json

Evaluation plots saved successfully.

Optimal Clusters : 6

Fitted 6 regime scalers.

Operating regime preprocessing completed.

Train Regime Distribution
Regime_ID
0    15395
1     9224
2     9139
3     9091
4     9238
5     9162
Name: count, dtype: int64

Test Regime Distribution
Regime_ID
0    10382
1     6185
2     6107
3     6254
4     6054
5     6232
Name: count, dtype: int64
Regime identity features added: ['Regime_OneHot_0', 'Regime_OneHot_1', 'Regime_OneHot_2', 'Regime_OneHot_3', 'Regime_OneHot_4', 'Regime_OneHot_5']

Z-score normalization report saved to:
E:\PdM\outputs\normalization\FD004_zscore_report.txt
Temporal leakage audit passed and saved to:
E:\PdM\outputs\temporal_features\FD004_causal_audit.txt
Temporal degradation features added for: ['Sensor_11', 'Sensor_4', 'Sensor_17', 'Sensor_8', 'Sensor_13', 'Sensor_9']
Temporal feature report saved to:
E:\PdM\outputs\temporal_features\FD004_selected_sensors.txt

============================================================
Dataset: FD004 | Model: cnn_lstm
============================================================
Train engines : 249
Test engines  : 248
Train windows : 49048
Test windows  : 248
Window shape  : (50, 45)

Running 5-Fold Engine-wise Cross Validation...
Fold 1: RMSE=15.968 MAE=10.995 R2=0.855 NASA=4.870
Fold 2: RMSE=13.954 MAE=8.705 R2=0.889 NASA=5.180
Fold 3: RMSE=14.888 MAE=10.790 R2=0.874 NASA=4.398
Fold 4: RMSE=17.377 MAE=11.798 R2=0.828 NASA=19.086
Fold 5: RMSE=17.395 MAE=10.899 R2=0.828 NASA=22.729

Cross-Validation Average
RMSE       : 15.916
MAE        : 10.637
R2         : 0.855
NASA Score : 11.253

Training Final CNN-LSTM Model...
Best Epoch: 15

FD004 CNN-BiLSTM-Attention final-fit diagnostics
Best epoch             : 15
Best validation loss   : 98.96251
Final training MSE     : 122.94776
Final validation MSE   : 203.22881
Validation MSE gap     : 80.28104
Fit assessment         : possible overfitting
Best validation MAE    : 9.86958
Retraining deployable CNN-LSTM on all training engines...

Final NASA Test Metrics
RMSE       : 27.358
MAE        : 20.089
R2         : 0.748
NASA Score : 21.231

Per-regime test metrics
Regime 0: RMSE=26.378 MAE=18.744 R2=0.725
Regime 1: RMSE=28.705 MAE=23.091 R2=0.751
Regime 2: RMSE=28.104 MAE=20.106 R2=0.748
Regime 3: RMSE=25.838 MAE=18.327 R2=0.772
Regime 4: RMSE=28.544 MAE=22.002 R2=0.738
Regime 5: RMSE=27.480 MAE=20.031 R2=0.749

All datasets and models completed successfully.
Total execution time: 01:53:13
Log file saved to: logs\run_20260805_064320.log
