1f
NASA C-MAPSS Predictive Maintenance
Models: cnn_lstm

Constant sensor report saved to:
E:\PdM\outputs\constant_sensors\FD002_constant_sensors.txt

Low variance sensor report saved to:
E:\PdM\outputs\low_variance_sensors\FD002_low_variance_sensors.txt

Unique operating conditions: 9824

========================================
Operating Regime Analysis : FD002
========================================
Samples              : 53759
Features             : 3
Cluster Range        : 2 - 10

Evaluating candidate clusters...

Evaluating K = 2
Evaluating K = 3
Evaluating K = 4
Evaluating K = 5
Evaluating K = 6
Evaluating K = 7
Evaluating K = 8
Evaluating K = 9
Evaluating K = 10

========================================
Cluster Evaluation Metrics
========================================
   Clusters  ...  Calinski_Harabasz
0         2  ...       6.789473e+04
1         3  ...       2.281360e+05
2         4  ...       4.968524e+05
3         5  ...       1.897869e+06
4         6  ...       7.377668e+09
5         7  ...       7.702519e+09
6         8  ...       7.884369e+09
7         9  ...       8.499977e+09
8        10  ...       9.808113e+09

[9 rows x 5 columns]

Cluster metrics saved to:
E:\PdM\dataset\processed\regime_analysis\FD002\FD002_cluster_metrics.csv

========================================
Best Cluster Count by Metric
========================================
Silhouette Score     : 6
Davies-Bouldin Index : 6
Calinski-Harabasz    : 10
Elbow Method         : 2

========================================
Final Recommendation
========================================
Recommended K : 6

Vote Summary
K = 2 : 1 vote(s)
K = 6 : 2 vote(s)
K = 10 : 1 vote(s)

Recommendation saved to:
E:\PdM\dataset\processed\regime_analysis\FD002\FD002_best_k.json

Evaluation plots saved successfully.

Optimal Clusters : 6

Fitted 6 regime scalers.

Operating regime preprocessing completed.

Train Regime Distribution
Regime_ID
0    13458
1     8044
2     8122
3     8002
4     8096
5     8037
Name: count, dtype: int64

Test Regime Distribution
Regime_ID
0    8483
1    5148
2    5063
3    5042
4    5107
5    5148
Name: count, dtype: int64
Regime identity features added: ['Regime_OneHot_0', 'Regime_OneHot_1', 'Regime_OneHot_2', 'Regime_OneHot_3', 'Regime_OneHot_4', 'Regime_OneHot_5']

Z-score normalization report saved to:
E:\PdM\outputs\normalization\FD002_zscore_report.txt
Temporal leakage audit passed and saved to:
E:\PdM\outputs\temporal_features\FD002_causal_audit.txt
Temporal degradation features added for: ['Sensor_11', 'Sensor_4', 'Sensor_15', 'Sensor_12', 'Sensor_13', 'Sensor_8']
Temporal feature report saved to:
E:\PdM\outputs\temporal_features\FD002_selected_sensors.txt

============================================================
Dataset: FD002 | Model: cnn_lstm
============================================================
Train engines : 260
Test engines  : 259
Train windows : 41019
Test windows  : 259
Window shape  : (50, 45)

Running 5-Fold Engine-wise Cross Validation...
Fold 1: RMSE=15.161 MAE=11.156 R2=0.866 NASA=3.608
Fold 2: RMSE=14.979 MAE=11.676 R2=0.869 NASA=3.867
Fold 3: RMSE=15.908 MAE=11.846 R2=0.852 NASA=3.947
Fold 4: RMSE=14.135 MAE=10.309 R2=0.883 NASA=3.873
Fold 5: RMSE=15.791 MAE=11.886 R2=0.855 NASA=5.095

Cross-Validation Average
RMSE       : 15.195
MAE        : 11.374
R2         : 0.865
NASA Score : 4.078

Training Final CNN-LSTM Model...
Best Epoch: 42

FD002 CNN-BiLSTM-Attention final-fit diagnostics
Best epoch             : 42
Best validation loss   : 58.06539
Final training MSE     : 92.11247
Final validation MSE   : 105.40604
Validation MSE gap     : 13.29357
Fit assessment         : reasonable fit
Best validation MAE    : 7.54043
Retraining deployable CNN-LSTM on all training engines...

Final NASA Test Metrics
RMSE       : 28.640
MAE        : 19.982
R2         : 0.716
NASA Score : 39.622

Per-regime test metrics
Regime 0: RMSE=24.169 MAE=16.045 R2=0.795
Regime 1: RMSE=31.458 MAE=21.664 R2=0.695
Regime 2: RMSE=34.428 MAE=24.806 R2=0.603
Regime 3: RMSE=29.460 MAE=22.133 R2=0.724
Regime 4: RMSE=26.258 MAE=19.008 R2=0.666
Regime 5: RMSE=29.012 MAE=19.867 R2=0.684

Constant sensor report saved to:
E:\PdM\outputs\constant_sensors\FD004_constant_sensors.txt

Low variance sensor report saved to:
E:\PdM\outputs\low_variance_sensors\FD004_low_variance_sensors.txt

Unique operating conditions: 10232

========================================
Operating Regime Analysis : FD004
========================================
Samples              : 61249
Features             : 3
Cluster Range        : 2 - 10

Evaluating candidate clusters...

Evaluating K = 2
Evaluating K = 3
Evaluating K = 4
Evaluating K = 5
Evaluating K = 6
Evaluating K = 7
Evaluating K = 8
Evaluating K = 9
Evaluating K = 10

========================================
Cluster Evaluation Metrics
========================================
   Clusters  ...  Calinski_Harabasz
0         2  ...       7.770337e+04
1         3  ...       2.631540e+05
2         4  ...       5.666023e+05
3         5  ...       2.168085e+06
4         6  ...       8.432064e+09
5         7  ...       8.844210e+09
6         8  ...       9.003482e+09
7         9  ...       9.687869e+09
8        10  ...       1.116195e+10

[9 rows x 5 columns]

Cluster metrics saved to:
E:\PdM\dataset\processed\regime_analysis\FD004\FD004_cluster_metrics.csv

========================================
Best Cluster Count by Metric
========================================
Silhouette Score     : 6
Davies-Bouldin Index : 6
Calinski-Harabasz    : 10
Elbow Method         : 2

========================================
Final Recommendation
========================================
Recommended K : 6

Vote Summary
K = 2 : 1 vote(s)
K = 6 : 2 vote(s)
K = 10 : 1 vote(s)

Recommendation saved to:
E:\PdM\dataset\processed\regime_analysis\FD004\FD004_best_k.json

Evaluation plots saved successfully.

Optimal Clusters : 6

Fitted 6 regime scalers.

Operating regime preprocessing completed.

Train Regime Distribution
Regime_ID
0    15395
1     9224
2     9139
3     9091
4     9238
5     9162
Name: count, dtype: int64

Test Regime Distribution
Regime_ID
0    10382
1     6185
2     6107
3     6254
4     6054
5     6232
Name: count, dtype: int64
Regime identity features added: ['Regime_OneHot_0', 'Regime_OneHot_1', 'Regime_OneHot_2', 'Regime_OneHot_3', 'Regime_OneHot_4', 'Regime_OneHot_5']

Z-score normalization report saved to:
E:\PdM\outputs\normalization\FD004_zscore_report.txt
Temporal leakage audit passed and saved to:
E:\PdM\outputs\temporal_features\FD004_causal_audit.txt
Temporal degradation features added for: ['Sensor_11', 'Sensor_4', 'Sensor_17', 'Sensor_8', 'Sensor_13', 'Sensor_9']
Temporal feature report saved to:
E:\PdM\outputs\temporal_features\FD004_selected_sensors.txt

============================================================
Dataset: FD004 | Model: cnn_lstm
============================================================
Train engines : 249
Test engines  : 248
Train windows : 49048
Test windows  : 248
Window shape  : (50, 45)

Running 5-Fold Engine-wise Cross Validation...
Fold 1: RMSE=15.932 MAE=11.010 R2=0.856 NASA=4.954
Fold 2: RMSE=14.041 MAE=9.216 R2=0.887 NASA=4.725
Fold 3: RMSE=14.891 MAE=10.671 R2=0.874 NASA=4.200
Fold 4: RMSE=17.352 MAE=11.830 R2=0.829 NASA=19.034
Fold 5: RMSE=17.473 MAE=10.923 R2=0.826 NASA=23.731

Cross-Validation Average
RMSE       : 15.938
MAE        : 10.730
R2         : 0.854
NASA Score : 11.329

Training Final CNN-LSTM Model...
Best Epoch: 15

FD004 CNN-BiLSTM-Attention final-fit diagnostics
Best epoch             : 15
Best validation loss   : 96.10194
Final training MSE     : 125.72971
Final validation MSE   : 164.49973
Validation MSE gap     : 38.77002
Fit assessment         : reasonable fit
Best validation MAE    : 8.95298
Retraining deployable CNN-LSTM on all training engines...

Final NASA Test Metrics
RMSE       : 27.480
MAE        : 20.270
R2         : 0.746
NASA Score : 20.984

Per-regime test metrics
Regime 0: RMSE=26.473 MAE=18.950 R2=0.723
Regime 1: RMSE=28.852 MAE=23.070 R2=0.749
Regime 2: RMSE=28.235 MAE=20.204 R2=0.746
Regime 3: RMSE=25.791 MAE=18.576 R2=0.773
Regime 4: RMSE=28.541 MAE=22.061 R2=0.738
Regime 5: RMSE=27.871 MAE=20.456 R2=0.742

All datasets and models completed successfully.
Total execution time: 02:02:41
Log file saved to: logs\run_20260805_085857.log
