MODEL - 10
NASA C-MAPSS Predictive Maintenance
Models: xgboost, lstm, cnn_lstm

Constant sensor report saved to:
E:\PdM\outputs\constant_sensors\FD001_constant_sensors.txt

Low variance sensor report saved to:
E:\PdM\outputs\low_variance_sensors\FD001_low_variance_sensors.txt

Z-score normalization report saved to:
E:\PdM\outputs\normalization\FD001_zscore_report.txt

============================================================
Dataset: FD001 | Model: xgboost
============================================================
Train engines : 100
Test engines  : 100
Train windows : 15731
Test windows  : 100
Window shape  : (50, 14)

Running 5-Fold Engine-wise Cross Validation...
Fold 1: RMSE=13.926 MAE=10.700 R2=0.887 NASA=3.081
Fold 2: RMSE=14.016 MAE=10.482 R2=0.885 NASA=3.196
Fold 3: RMSE=12.979 MAE=9.851 R2=0.902 NASA=2.621
Fold 4: RMSE=13.520 MAE=10.447 R2=0.893 NASA=2.934
Fold 5: RMSE=13.095 MAE=9.708 R2=0.900 NASA=3.014

Cross-Validation Average
RMSE       : 13.507
MAE        : 10.238
R2         : 0.893
NASA Score : 2.969

Training Final XGBoost Model...
Selecting tree count using held-out truncated final windows.
Selected Trees from final-window validation: 284
Final engine-holdout validation: RMSE=11.613 MAE=8.496 R2=-0.938

Final NASA Test Metrics
RMSE       : 14.014
MAE        : 10.857
R2         : 0.886
NASA Score : 2.831

============================================================
Dataset: FD001 | Model: lstm
============================================================
Train engines : 100
Test engines  : 100
Train windows : 15731
Test windows  : 100
Window shape  : (50, 14)

Running 5-Fold Engine-wise Cross Validation...
Fold 1: RMSE=12.347 MAE=8.626 R2=0.911 NASA=2.907
Fold 2: RMSE=12.996 MAE=8.904 R2=0.901 NASA=2.800
Fold 3: RMSE=11.962 MAE=8.047 R2=0.916 NASA=2.282
Fold 4: RMSE=11.393 MAE=7.688 R2=0.924 NASA=1.925
Fold 5: RMSE=13.070 MAE=9.738 R2=0.900 NASA=3.040

Cross-Validation Average
RMSE       : 12.354
MAE        : 8.601
R2         : 0.911
NASA Score : 2.591

Training Final LSTM Model...
Best Epoch: 21

FD001 LSTM final-fit diagnostics
Best epoch             : 21
Best validation loss   : 36.88066
Final training MSE     : 50.21659
Final validation MSE   : 90.34516
Validation MSE gap     : 40.12857
Fit assessment         : possible overfitting
Best validation MAE    : 7.14511
Retraining deployable LSTM on all training engines...

Final NASA Test Metrics
RMSE       : 16.166
MAE        : 11.909
R2         : 0.849
NASA Score : 4.444

============================================================
Dataset: FD001 | Model: cnn_lstm
============================================================
Train engines : 100
Test engines  : 100
Train windows : 15731
Test windows  : 100
Window shape  : (50, 14)

Running 5-Fold Engine-wise Cross Validation...
Fold 1: RMSE=13.366 MAE=9.982 R2=0.896 NASA=2.815
Fold 2: RMSE=14.352 MAE=10.739 R2=0.880 NASA=3.632
Fold 3: RMSE=12.760 MAE=9.070 R2=0.905 NASA=2.516
Fold 4: RMSE=13.157 MAE=9.913 R2=0.899 NASA=2.835
Fold 5: RMSE=13.357 MAE=9.986 R2=0.896 NASA=2.721

Cross-Validation Average
RMSE       : 13.398
MAE        : 9.938
R2         : 0.895
NASA Score : 2.904

Training Final CNN-LSTM Model...
Best Epoch: 12

FD001 CNN-BiLSTM-Attention final-fit diagnostics
Best epoch             : 12
Best validation loss   : 36.80452
Final training MSE     : 68.23341
Final validation MSE   : 80.81693
Validation MSE gap     : 12.58353
Fit assessment         : reasonable fit
Best validation MAE    : 7.36586
Retraining deployable CNN-LSTM on all training engines...

Final NASA Test Metrics
RMSE       : 16.057
MAE        : 11.482
R2         : 0.851
NASA Score : 4.464

Constant sensor report saved to:
E:\PdM\outputs\constant_sensors\FD002_constant_sensors.txt

Low variance sensor report saved to:
E:\PdM\outputs\low_variance_sensors\FD002_low_variance_sensors.txt

Unique operating conditions: 9824

========================================
Operating Regime Analysis : FD002
========================================
Samples              : 53759
Features             : 3
Cluster Range        : 2 - 10

Evaluating candidate clusters...

Evaluating K = 2
Evaluating K = 3
Evaluating K = 4
Evaluating K = 5
Evaluating K = 6
Evaluating K = 7
Evaluating K = 8
Evaluating K = 9
Evaluating K = 10

========================================
Cluster Evaluation Metrics
========================================
   Clusters  ...  Calinski_Harabasz
0         2  ...       6.789473e+04
1         3  ...       2.281360e+05
2         4  ...       4.968524e+05
3         5  ...       1.897869e+06
4         6  ...       7.377668e+09
5         7  ...       7.702519e+09
6         8  ...       7.884369e+09
7         9  ...       8.499977e+09
8        10  ...       9.808113e+09

[9 rows x 5 columns]

Cluster metrics saved to:
E:\PdM\dataset\processed\regime_analysis\FD002\FD002_cluster_metrics.csv

========================================
Best Cluster Count by Metric
========================================
Silhouette Score     : 6
Davies-Bouldin Index : 6
Calinski-Harabasz    : 10
Elbow Method         : 2

========================================
Final Recommendation
========================================
Recommended K : 6

Vote Summary
K = 2 : 1 vote(s)
K = 6 : 2 vote(s)
K = 10 : 1 vote(s)

Recommendation saved to:
E:\PdM\dataset\processed\regime_analysis\FD002\FD002_best_k.json

Evaluation plots saved successfully.

Optimal Clusters : 6

Fitted 6 regime scalers.

Operating regime preprocessing completed.

Train Regime Distribution
Regime_ID
0    13458
1     8044
2     8122
3     8002
4     8096
5     8037
Name: count, dtype: int64

Test Regime Distribution
Regime_ID
0    8483
1    5148
2    5063
3    5042
4    5107
5    5148
Name: count, dtype: int64
Regime identity features added: ['Regime_OneHot_0', 'Regime_OneHot_1', 'Regime_OneHot_2', 'Regime_OneHot_3', 'Regime_OneHot_4', 'Regime_OneHot_5']

Z-score normalization report saved to:
E:\PdM\outputs\normalization\FD002_zscore_report.txt
Temporal leakage audit passed and saved to:
E:\PdM\outputs\temporal_features\FD002_causal_audit.txt
Temporal degradation features added for: ['Sensor_11', 'Sensor_4', 'Sensor_15', 'Sensor_12', 'Sensor_13', 'Sensor_8']
Temporal feature report saved to:
E:\PdM\outputs\temporal_features\FD002_selected_sensors.txt

============================================================
Dataset: FD002 | Model: xgboost
============================================================
Train engines : 260
Test engines  : 259
Train windows : 41019
Test windows  : 259
Window shape  : (50, 51)

Running 5-Fold Engine-wise Cross Validation...
Fold 1: RMSE=14.406 MAE=10.858 R2=0.879 NASA=3.251
Fold 2: RMSE=14.401 MAE=10.733 R2=0.879 NASA=3.790
Fold 3: RMSE=13.993 MAE=10.485 R2=0.886 NASA=3.325
Fold 4: RMSE=13.906 MAE=10.200 R2=0.887 NASA=3.534
Fold 5: RMSE=14.929 MAE=11.146 R2=0.870 NASA=3.768

Cross-Validation Average
RMSE       : 14.327
MAE        : 10.685
R2         : 0.880
NASA Score : 3.534

Training Final XGBoost Model...
Selecting tree count using held-out truncated final windows.
Selected Trees from final-window validation: 153
Final engine-holdout validation: RMSE=13.211 MAE=9.937 R2=-0.754

Final NASA Test Metrics
RMSE       : 25.536
MAE        : 16.805
R2         : 0.775
NASA Score : 24.307

Per-regime test metrics
Regime 0: RMSE=22.018 MAE=14.171 R2=0.830
Regime 1: RMSE=27.973 MAE=17.490 R2=0.759
Regime 2: RMSE=28.116 MAE=19.856 R2=0.735
Regime 3: RMSE=26.255 MAE=18.805 R2=0.780
Regime 4: RMSE=25.077 MAE=14.869 R2=0.695
Regime 5: RMSE=26.135 MAE=18.126 R2=0.744

============================================================
Dataset: FD002 | Model: lstm
============================================================
Train engines : 260
Test engines  : 259
Train windows : 41019
Test windows  : 259
Window shape  : (50, 51)

Running 5-Fold Engine-wise Cross Validation...
Fold 1: RMSE=16.215 MAE=11.983 R2=0.847 NASA=4.430
Fold 2: RMSE=14.273 MAE=10.615 R2=0.881 NASA=3.804
Fold 3: RMSE=16.966 MAE=12.445 R2=0.832 NASA=6.812
Fold 4: RMSE=14.630 MAE=10.688 R2=0.875 NASA=3.892
Fold 5: RMSE=16.879 MAE=12.409 R2=0.834 NASA=6.751

Cross-Validation Average
RMSE       : 15.793
MAE        : 11.628
R2         : 0.854
NASA Score : 5.138

Training Final LSTM Model...
Best Epoch: 16

FD002 LSTM final-fit diagnostics
Best epoch             : 16
Best validation loss   : 33.74839
Final training MSE     : 116.92827
Final validation MSE   : 95.51490
Validation MSE gap     : -21.41337
Fit assessment         : reasonable fit
Best validation MAE    : 6.23904
Retraining deployable LSTM on all training engines...

Final NASA Test Metrics
RMSE       : 29.474
MAE        : 20.037
R2         : 0.700
NASA Score : 50.688

Per-regime test metrics
Regime 0: RMSE=24.964 MAE=17.600 R2=0.781
Regime 1: RMSE=33.664 MAE=21.846 R2=0.650
Regime 2: RMSE=33.042 MAE=23.209 R2=0.634
Regime 3: RMSE=30.676 MAE=21.829 R2=0.700
Regime 4: RMSE=27.389 MAE=17.399 R2=0.637
Regime 5: RMSE=29.728 MAE=20.598 R2=0.668

============================================================
Dataset: FD002 | Model: cnn_lstm
============================================================
Train engines : 260
Test engines  : 259
Train windows : 41019
Test windows  : 259
Window shape  : (50, 51)

Running 5-Fold Engine-wise Cross Validation...
Fold 1: RMSE=16.854 MAE=13.194 R2=0.834 NASA=4.532
Fold 2: RMSE=16.469 MAE=12.446 R2=0.842 NASA=4.133
Fold 3: RMSE=18.075 MAE=14.381 R2=0.809 NASA=6.014
Fold 4: RMSE=16.806 MAE=13.063 R2=0.835 NASA=4.715
Fold 5: RMSE=17.863 MAE=13.755 R2=0.814 NASA=6.109

Cross-Validation Average
RMSE       : 17.214
MAE        : 13.368
R2         : 0.827
NASA Score : 5.101

Training Final CNN-LSTM Model...
Best Epoch: 1

FD002 CNN-BiLSTM-Attention final-fit diagnostics
Best epoch             : 1
Best validation loss   : 48.61623
Final training MSE     : 3370.29614
Final validation MSE   : 145.54755
Validation MSE gap     : -3224.74860
Fit assessment         : reasonable fit
Best validation MAE    : 8.38750
Retraining deployable CNN-LSTM on all training engines...

Final NASA Test Metrics
RMSE       : 63.940
MAE        : 49.036
R2         : -0.414
NASA Score : 3948.691

Per-regime test metrics
Regime 0: RMSE=56.864 MAE=41.017 R2=-0.137
Regime 1: RMSE=65.790 MAE=48.652 R2=-0.335
Regime 2: RMSE=65.273 MAE=51.272 R2=-0.428
Regime 3: RMSE=72.584 MAE=58.705 R2=-0.678
Regime 4: RMSE=58.757 MAE=46.513 R2=-0.672
Regime 5: RMSE=67.917 MAE=54.305 R2=-0.730

Constant sensor report saved to:
E:\PdM\outputs\constant_sensors\FD003_constant_sensors.txt

Low variance sensor report saved to:
E:\PdM\outputs\low_variance_sensors\FD003_low_variance_sensors.txt

Z-score normalization report saved to:
E:\PdM\outputs\normalization\FD003_zscore_report.txt

============================================================
Dataset: FD003 | Model: xgboost
============================================================
Train engines : 100
Test engines  : 100
Train windows : 19820
Test windows  : 100
Window shape  : (50, 14)

Running 5-Fold Engine-wise Cross Validation...
Fold 1: RMSE=12.283 MAE=8.658 R2=0.914 NASA=2.598
Fold 2: RMSE=11.285 MAE=7.817 R2=0.927 NASA=1.954
Fold 3: RMSE=11.697 MAE=7.735 R2=0.922 NASA=2.590
Fold 4: RMSE=13.516 MAE=9.481 R2=0.896 NASA=2.714
Fold 5: RMSE=13.070 MAE=8.794 R2=0.902 NASA=2.670

Cross-Validation Average
RMSE       : 12.370
MAE        : 8.497
R2         : 0.912
NASA Score : 2.505

Training Final XGBoost Model...
Selecting tree count using held-out truncated final windows.
Selected Trees from final-window validation: 178
Final engine-holdout validation: RMSE=10.811 MAE=9.192 R2=0.505

Final NASA Test Metrics
RMSE       : 15.403
MAE        : 11.398
R2         : 0.862
NASA Score : 4.761

============================================================
Dataset: FD003 | Model: lstm
============================================================
Train engines : 100
Test engines  : 100
Train windows : 19820
Test windows  : 100
Window shape  : (50, 14)

Running 5-Fold Engine-wise Cross Validation...
Fold 1: RMSE=11.931 MAE=7.338 R2=0.919 NASA=4.131
Fold 2: RMSE=9.302 MAE=5.395 R2=0.951 NASA=1.865
Fold 3: RMSE=10.948 MAE=6.616 R2=0.932 NASA=2.987
Fold 4: RMSE=12.710 MAE=8.727 R2=0.908 NASA=2.728
Fold 5: RMSE=12.791 MAE=7.652 R2=0.907 NASA=2.954

Cross-Validation Average
RMSE       : 11.537
MAE        : 7.146
R2         : 0.923
NASA Score : 2.933

Training Final LSTM Model...
Best Epoch: 12

FD003 LSTM final-fit diagnostics
Best epoch             : 12
Best validation loss   : 23.76451
Final training MSE     : 70.01035
Final validation MSE   : 48.44538
Validation MSE gap     : -21.56497
Fit assessment         : reasonable fit
Best validation MAE    : 5.67428
Retraining deployable LSTM on all training engines...

Final NASA Test Metrics
RMSE       : 14.338
MAE        : 10.306
R2         : 0.880
NASA Score : 3.809

============================================================
Dataset: FD003 | Model: cnn_lstm
============================================================
Train engines : 100
Test engines  : 100
Train windows : 19820
Test windows  : 100
Window shape  : (50, 14)

Running 5-Fold Engine-wise Cross Validation...
Fold 1: RMSE=12.594 MAE=7.974 R2=0.909 NASA=3.283
Fold 2: RMSE=10.523 MAE=6.941 R2=0.937 NASA=2.095
Fold 3: RMSE=11.033 MAE=7.315 R2=0.930 NASA=2.242
Fold 4: RMSE=13.887 MAE=9.190 R2=0.890 NASA=3.077
Fold 5: RMSE=12.026 MAE=7.929 R2=0.917 NASA=2.006

Cross-Validation Average
RMSE       : 12.013
MAE        : 7.870
R2         : 0.917
NASA Score : 2.541

Training Final CNN-LSTM Model...
Best Epoch: 15

FD003 CNN-BiLSTM-Attention final-fit diagnostics
Best epoch             : 15
Best validation loss   : 40.35486
Final training MSE     : 82.73045
Final validation MSE   : 99.08044
Validation MSE gap     : 16.35000
Fit assessment         : reasonable fit
Best validation MAE    : 7.77500
Retraining deployable CNN-LSTM on all training engines...

Final NASA Test Metrics
RMSE       : 15.423
MAE        : 11.278
R2         : 0.861
NASA Score : 5.391

Constant sensor report saved to:
E:\PdM\outputs\constant_sensors\FD004_constant_sensors.txt

Low variance sensor report saved to:
E:\PdM\outputs\low_variance_sensors\FD004_low_variance_sensors.txt

Unique operating conditions: 10232

========================================
Operating Regime Analysis : FD004
========================================
Samples              : 61249
Features             : 3
Cluster Range        : 2 - 10

Evaluating candidate clusters...

Evaluating K = 2
Evaluating K = 3
Evaluating K = 4
Evaluating K = 5
Evaluating K = 6
Evaluating K = 7
Evaluating K = 8
Evaluating K = 9
Evaluating K = 10

========================================
Cluster Evaluation Metrics
========================================
   Clusters  ...  Calinski_Harabasz
0         2  ...       7.770337e+04
1         3  ...       2.631540e+05
2         4  ...       5.666023e+05
3         5  ...       2.168085e+06
4         6  ...       8.432064e+09
5         7  ...       8.844210e+09
6         8  ...       9.003482e+09
7         9  ...       9.687869e+09
8        10  ...       1.116195e+10

[9 rows x 5 columns]

Cluster metrics saved to:
E:\PdM\dataset\processed\regime_analysis\FD004\FD004_cluster_metrics.csv

========================================
Best Cluster Count by Metric
========================================
Silhouette Score     : 6
Davies-Bouldin Index : 6
Calinski-Harabasz    : 10
Elbow Method         : 2

========================================
Final Recommendation
========================================
Recommended K : 6

Vote Summary
K = 2 : 1 vote(s)
K = 6 : 2 vote(s)
K = 10 : 1 vote(s)

Recommendation saved to:
E:\PdM\dataset\processed\regime_analysis\FD004\FD004_best_k.json

Evaluation plots saved successfully.

Optimal Clusters : 6

Fitted 6 regime scalers.

Operating regime preprocessing completed.

Train Regime Distribution
Regime_ID
0    15395
1     9224
2     9139
3     9091
4     9238
5     9162
Name: count, dtype: int64

Test Regime Distribution
Regime_ID
0    10382
1     6185
2     6107
3     6254
4     6054
5     6232
Name: count, dtype: int64
Regime identity features added: ['Regime_OneHot_0', 'Regime_OneHot_1', 'Regime_OneHot_2', 'Regime_OneHot_3', 'Regime_OneHot_4', 'Regime_OneHot_5']

Z-score normalization report saved to:
E:\PdM\outputs\normalization\FD004_zscore_report.txt
Temporal leakage audit passed and saved to:
E:\PdM\outputs\temporal_features\FD004_causal_audit.txt
Temporal degradation features added for: ['Sensor_11', 'Sensor_4', 'Sensor_17', 'Sensor_8', 'Sensor_13', 'Sensor_9']
Temporal feature report saved to:
E:\PdM\outputs\temporal_features\FD004_selected_sensors.txt

============================================================
Dataset: FD004 | Model: xgboost
============================================================
Train engines : 249
Test engines  : 248
Train windows : 49048
Test windows  : 248
Window shape  : (50, 51)

Running 5-Fold Engine-wise Cross Validation...
Fold 1: RMSE=13.758 MAE=9.630 R2=0.892 NASA=3.422
Fold 2: RMSE=13.574 MAE=9.374 R2=0.895 NASA=3.374
Fold 3: RMSE=13.165 MAE=9.496 R2=0.901 NASA=3.139
Fold 4: RMSE=14.983 MAE=10.013 R2=0.872 NASA=17.882
Fold 5: RMSE=16.581 MAE=10.370 R2=0.844 NASA=27.589

Cross-Validation Average
RMSE       : 14.412
MAE        : 9.777
R2         : 0.881
NASA Score : 11.081

Training Final XGBoost Model...
Selecting tree count using held-out truncated final windows.
Selected Trees from final-window validation: 213
Final engine-holdout validation: RMSE=15.231 MAE=11.185 R2=-0.501

Final NASA Test Metrics
RMSE       : 26.072
MAE        : 18.285
R2         : 0.771
NASA Score : 17.715

Per-regime test metrics
Regime 0: RMSE=27.379 MAE=19.388 R2=0.704
Regime 1: RMSE=26.495 MAE=19.556 R2=0.788
Regime 2: RMSE=26.428 MAE=18.026 R2=0.777
Regime 3: RMSE=22.642 MAE=15.497 R2=0.825
Regime 4: RMSE=28.592 MAE=21.919 R2=0.737
Regime 5: RMSE=24.227 MAE=15.680 R2=0.805

============================================================
Dataset: FD004 | Model: lstm
============================================================
Train engines : 249
Test engines  : 248
Train windows : 49048
Test windows  : 248
Window shape  : (50, 51)

Running 5-Fold Engine-wise Cross Validation...
Fold 1: RMSE=15.986 MAE=12.072 R2=0.855 NASA=5.421
Fold 2: RMSE=15.724 MAE=10.887 R2=0.859 NASA=7.048
Fold 3: RMSE=15.561 MAE=10.755 R2=0.862 NASA=5.382
Fold 4: RMSE=16.401 MAE=10.919 R2=0.847 NASA=16.495
Fold 5: RMSE=18.597 MAE=12.025 R2=0.803 NASA=26.991

Cross-Validation Average
RMSE       : 16.454
MAE        : 11.332
R2         : 0.845
NASA Score : 12.268

Training Final LSTM Model...
Best Epoch: 12

FD004 LSTM final-fit diagnostics
Best epoch             : 12
Best validation loss   : 111.77317
Final training MSE     : 131.88298
Final validation MSE   : 391.27786
Validation MSE gap     : 259.39488
Fit assessment         : possible overfitting
Best validation MAE    : 15.58147
Retraining deployable LSTM on all training engines...

Final NASA Test Metrics
RMSE       : 26.680
MAE        : 19.512
R2         : 0.761
NASA Score : 18.754

Per-regime test metrics
Regime 0: RMSE=27.215 MAE=19.904 R2=0.707
Regime 1: RMSE=25.812 MAE=19.936 R2=0.799
Regime 2: RMSE=27.296 MAE=20.267 R2=0.763
Regime 3: RMSE=23.745 MAE=17.216 R2=0.808
Regime 4: RMSE=29.349 MAE=21.799 R2=0.723
Regime 5: RMSE=26.448 MAE=18.214 R2=0.767

============================================================
Dataset: FD004 | Model: cnn_lstm
============================================================
Train engines : 249
Test engines  : 248
Train windows : 49048
Test windows  : 248
Window shape  : (50, 51)

Running 5-Fold Engine-wise Cross Validation...
Fold 1: RMSE=17.062 MAE=12.483 R2=0.834 NASA=7.277
Fold 2: RMSE=16.263 MAE=11.499 R2=0.849 NASA=8.380
Fold 3: RMSE=17.793 MAE=12.833 R2=0.820 NASA=9.884
Fold 4: RMSE=19.532 MAE=13.966 R2=0.783 NASA=18.580
Fold 5: RMSE=19.281 MAE=13.482 R2=0.789 NASA=19.436

Cross-Validation Average
RMSE       : 17.986
MAE        : 12.852
R2         : 0.815
NASA Score : 12.712

Training Final CNN-LSTM Model...
Best Epoch: 29

FD004 CNN-BiLSTM-Attention final-fit diagnostics
Best epoch             : 29
Best validation loss   : 80.86257
Final training MSE     : 246.08476
Final validation MSE   : 245.57463
Validation MSE gap     : -0.51013
Fit assessment         : reasonable fit
Best validation MAE    : 12.31006
Retraining deployable CNN-LSTM on all training engines...

Final NASA Test Metrics
RMSE       : 30.000
MAE        : 22.749
R2         : 0.697
NASA Score : 29.765

Per-regime test metrics
Regime 0: RMSE=31.009 MAE=22.584 R2=0.620
Regime 1: RMSE=33.126 MAE=26.570 R2=0.669
Regime 2: RMSE=30.308 MAE=22.972 R2=0.707
Regime 3: RMSE=27.312 MAE=20.979 R2=0.745
Regime 4: RMSE=29.305 MAE=23.665 R2=0.724
Regime 5: RMSE=28.235 MAE=20.610 R2=0.735

All datasets and models completed successfully.
Total execution time: 06:00:41
Log file saved to: logs\run_20260804_005647.log
