2b
NASA C-MAPSS Predictive Maintenance
Models: cnn_lstm

Constant sensor report saved to:
E:\PdM\outputs\constant_sensors\FD002_constant_sensors.txt

Low variance sensor report saved to:
E:\PdM\outputs\low_variance_sensors\FD002_low_variance_sensors.txt

Unique operating conditions: 9824

========================================
Operating Regime Analysis : FD002
========================================
Samples              : 53759
Features             : 3
Cluster Range        : 2 - 10

Evaluating candidate clusters...

Evaluating K = 2
Evaluating K = 3
Evaluating K = 4
Evaluating K = 5
Evaluating K = 6
Evaluating K = 7
Evaluating K = 8
Evaluating K = 9
Evaluating K = 10

========================================
Cluster Evaluation Metrics
========================================
   Clusters  ...  Calinski_Harabasz
0         2  ...       6.789473e+04
1         3  ...       2.281360e+05
2         4  ...       4.968524e+05
3         5  ...       1.897869e+06
4         6  ...       7.377668e+09
5         7  ...       7.702519e+09
6         8  ...       7.884369e+09
7         9  ...       8.499977e+09
8        10  ...       9.808113e+09

[9 rows x 5 columns]

Cluster metrics saved to:
E:\PdM\dataset\processed\regime_analysis\FD002\FD002_cluster_metrics.csv

========================================
Best Cluster Count by Metric
========================================
Silhouette Score     : 6
Davies-Bouldin Index : 6
Calinski-Harabasz    : 10
Elbow Method         : 2

========================================
Final Recommendation
========================================
Recommended K : 6

Vote Summary
K = 2 : 1 vote(s)
K = 6 : 2 vote(s)
K = 10 : 1 vote(s)

Recommendation saved to:
E:\PdM\dataset\processed\regime_analysis\FD002\FD002_best_k.json

Evaluation plots saved successfully.

Optimal Clusters : 6

Fitted 6 regime scalers.

Operating regime preprocessing completed.

Train Regime Distribution
Regime_ID
0    13458
1     8044
2     8122
3     8002
4     8096
5     8037
Name: count, dtype: int64

Test Regime Distribution
Regime_ID
0    8483
1    5148
2    5063
3    5042
4    5107
5    5148
Name: count, dtype: int64
Regime identity features added: ['Regime_OneHot_0', 'Regime_OneHot_1', 'Regime_OneHot_2', 'Regime_OneHot_3', 'Regime_OneHot_4', 'Regime_OneHot_5']

Z-score normalization report saved to:
E:\PdM\outputs\normalization\FD002_zscore_report.txt
Temporal leakage audit passed and saved to:
E:\PdM\outputs\temporal_features\FD002_causal_audit.txt
Temporal degradation features added for: ['Sensor_11', 'Sensor_4', 'Sensor_15', 'Sensor_12', 'Sensor_13', 'Sensor_8']
Temporal feature report saved to:
E:\PdM\outputs\temporal_features\FD002_selected_sensors.txt

============================================================
Dataset: FD002 | Model: cnn_lstm
============================================================
Train engines : 260
Test engines  : 259
Train windows : 41019
Test windows  : 259
Window shape  : (50, 45)

Running 5-Fold Engine-wise Cross Validation...
Fold 1: RMSE=15.435 MAE=11.051 R2=0.861 NASA=3.756
Fold 2: RMSE=15.159 MAE=11.107 R2=0.866 NASA=3.830
Fold 3: RMSE=14.923 MAE=10.978 R2=0.870 NASA=4.260
Fold 4: RMSE=14.447 MAE=10.436 R2=0.878 NASA=3.963
Fold 5: RMSE=15.336 MAE=10.978 R2=0.863 NASA=4.536

Cross-Validation Average
RMSE       : 15.060
MAE        : 10.910
R2         : 0.868
NASA Score : 4.069

Training Final CNN-LSTM Model...
Best Epoch: 9

FD002 CNN-BiLSTM-Attention final-fit diagnostics
Best epoch             : 9
Best validation loss   : 54.55113
Final training MSE     : 121.10995
Final validation MSE   : 75.59905
Validation MSE gap     : -45.51089
Fit assessment         : reasonable fit
Best validation MAE    : 6.37957
Retraining deployable CNN-LSTM on all training engines...

Final NASA Test Metrics
RMSE       : 25.820
MAE        : 17.381
R2         : 0.769
NASA Score : 27.097

Per-regime test metrics
Regime 0: RMSE=22.254 MAE=15.059 R2=0.826
Regime 1: RMSE=28.883 MAE=19.193 R2=0.743
Regime 2: RMSE=27.443 MAE=20.080 R2=0.748
Regime 3: RMSE=26.714 MAE=18.500 R2=0.773
Regime 4: RMSE=23.600 MAE=15.025 R2=0.730
Regime 5: RMSE=28.138 MAE=18.618 R2=0.703

Constant sensor report saved to:
E:\PdM\outputs\constant_sensors\FD004_constant_sensors.txt

Low variance sensor report saved to:
E:\PdM\outputs\low_variance_sensors\FD004_low_variance_sensors.txt

Unique operating conditions: 10232

========================================
Operating Regime Analysis : FD004
========================================
Samples              : 61249
Features             : 3
Cluster Range        : 2 - 10

Evaluating candidate clusters...

Evaluating K = 2
Evaluating K = 3
Evaluating K = 4
Evaluating K = 5
Evaluating K = 6
Evaluating K = 7
Evaluating K = 8
Evaluating K = 9
Evaluating K = 10

========================================
Cluster Evaluation Metrics
========================================
   Clusters  ...  Calinski_Harabasz
0         2  ...       7.770337e+04
1         3  ...       2.631540e+05
2         4  ...       5.666023e+05
3         5  ...       2.168085e+06
4         6  ...       8.432064e+09
5         7  ...       8.844210e+09
6         8  ...       9.003482e+09
7         9  ...       9.687869e+09
8        10  ...       1.116195e+10

[9 rows x 5 columns]

Cluster metrics saved to:
E:\PdM\dataset\processed\regime_analysis\FD004\FD004_cluster_metrics.csv

========================================
Best Cluster Count by Metric
========================================
Silhouette Score     : 6
Davies-Bouldin Index : 6
Calinski-Harabasz    : 10
Elbow Method         : 2

========================================
Final Recommendation
========================================
Recommended K : 6

Vote Summary
K = 2 : 1 vote(s)
K = 6 : 2 vote(s)
K = 10 : 1 vote(s)

Recommendation saved to:
E:\PdM\dataset\processed\regime_analysis\FD004\FD004_best_k.json

Evaluation plots saved successfully.

Optimal Clusters : 6

Fitted 6 regime scalers.

Operating regime preprocessing completed.

Train Regime Distribution
Regime_ID
0    15395
1     9224
2     9139
3     9091
4     9238
5     9162
Name: count, dtype: int64

Test Regime Distribution
Regime_ID
0    10382
1     6185
2     6107
3     6254
4     6054
5     6232
Name: count, dtype: int64
Regime identity features added: ['Regime_OneHot_0', 'Regime_OneHot_1', 'Regime_OneHot_2', 'Regime_OneHot_3', 'Regime_OneHot_4', 'Regime_OneHot_5']

Z-score normalization report saved to:
E:\PdM\outputs\normalization\FD004_zscore_report.txt
Temporal leakage audit passed and saved to:
E:\PdM\outputs\temporal_features\FD004_causal_audit.txt
Temporal degradation features added for: ['Sensor_11', 'Sensor_4', 'Sensor_17', 'Sensor_8', 'Sensor_13', 'Sensor_9']
Temporal feature report saved to:
E:\PdM\outputs\temporal_features\FD004_selected_sensors.txt

============================================================
Dataset: FD004 | Model: cnn_lstm
============================================================
Train engines : 249
Test engines  : 248
Train windows : 49048
Test windows  : 248
Window shape  : (50, 45)

Running 5-Fold Engine-wise Cross Validation...
Fold 1: RMSE=14.628 MAE=9.943 R2=0.878 NASA=4.309
Fold 2: RMSE=14.569 MAE=9.516 R2=0.879 NASA=3.870
Fold 3: RMSE=14.261 MAE=9.890 R2=0.884 NASA=3.822
Fold 4: RMSE=16.040 MAE=10.606 R2=0.854 NASA=15.873
Fold 5: RMSE=17.373 MAE=10.710 R2=0.828 NASA=22.750

Cross-Validation Average
RMSE       : 15.374
MAE        : 10.133
R2         : 0.865
NASA Score : 10.125

Training Final CNN-LSTM Model...
Best Epoch: 29

FD004 CNN-BiLSTM-Attention final-fit diagnostics
Best epoch             : 29
Best validation loss   : 85.51664
Final training MSE     : 90.11957
Final validation MSE   : 190.33459
Validation MSE gap     : 100.21503
Fit assessment         : possible overfitting
Best validation MAE    : 9.56248
Retraining deployable CNN-LSTM on all training engines...

Final NASA Test Metrics
RMSE       : 28.859
MAE        : 21.042
R2         : 0.720
NASA Score : 26.143

Per-regime test metrics
Regime 0: RMSE=29.506 MAE=21.390 R2=0.656
Regime 1: RMSE=30.170 MAE=23.734 R2=0.725
Regime 2: RMSE=30.108 MAE=21.596 R2=0.711
Regime 3: RMSE=25.196 MAE=17.187 R2=0.783
Regime 4: RMSE=29.856 MAE=22.583 R2=0.713
Regime 5: RMSE=27.875 MAE=20.253 R2=0.742

All datasets and models completed successfully.
Total execution time: 02:03:07
Log file saved to: logs\run_20260805_205746.log
