1g
NASA C-MAPSS Predictive Maintenance
Models: cnn_lstm

Constant sensor report saved to:
E:\PdM\outputs\constant_sensors\FD002_constant_sensors.txt

Low variance sensor report saved to:
E:\PdM\outputs\low_variance_sensors\FD002_low_variance_sensors.txt

Unique operating conditions: 9824

========================================
Operating Regime Analysis : FD002
========================================
Samples              : 53759
Features             : 3
Cluster Range        : 2 - 10

Evaluating candidate clusters...

Evaluating K = 2
Evaluating K = 3
Evaluating K = 4
Evaluating K = 5
Evaluating K = 6
Evaluating K = 7
Evaluating K = 8
Evaluating K = 9
Evaluating K = 10

========================================
Cluster Evaluation Metrics
========================================
   Clusters  ...  Calinski_Harabasz
0         2  ...       6.789473e+04
1         3  ...       2.281360e+05
2         4  ...       4.968524e+05
3         5  ...       1.897869e+06
4         6  ...       7.377668e+09
5         7  ...       7.702519e+09
6         8  ...       7.884369e+09
7         9  ...       8.499977e+09
8        10  ...       9.808113e+09

[9 rows x 5 columns]

Cluster metrics saved to:
E:\PdM\dataset\processed\regime_analysis\FD002\FD002_cluster_metrics.csv

========================================
Best Cluster Count by Metric
========================================
Silhouette Score     : 6
Davies-Bouldin Index : 6
Calinski-Harabasz    : 10
Elbow Method         : 2

========================================
Final Recommendation
========================================
Recommended K : 6

Vote Summary
K = 2 : 1 vote(s)
K = 6 : 2 vote(s)
K = 10 : 1 vote(s)

Recommendation saved to:
E:\PdM\dataset\processed\regime_analysis\FD002\FD002_best_k.json

Evaluation plots saved successfully.

Optimal Clusters : 6

Fitted 6 regime scalers.

Operating regime preprocessing completed.

Train Regime Distribution
Regime_ID
0    13458
1     8044
2     8122
3     8002
4     8096
5     8037
Name: count, dtype: int64

Test Regime Distribution
Regime_ID
0    8483
1    5148
2    5063
3    5042
4    5107
5    5148
Name: count, dtype: int64
Regime identity features added: ['Regime_OneHot_0', 'Regime_OneHot_1', 'Regime_OneHot_2', 'Regime_OneHot_3', 'Regime_OneHot_4', 'Regime_OneHot_5']

Z-score normalization report saved to:
E:\PdM\outputs\normalization\FD002_zscore_report.txt
Temporal leakage audit passed and saved to:
E:\PdM\outputs\temporal_features\FD002_causal_audit.txt
Temporal degradation features added for: ['Sensor_11', 'Sensor_4', 'Sensor_15', 'Sensor_12', 'Sensor_13', 'Sensor_8']
Temporal feature report saved to:
E:\PdM\outputs\temporal_features\FD002_selected_sensors.txt

============================================================
Dataset: FD002 | Model: cnn_lstm
============================================================
Train engines : 260
Test engines  : 259
Train windows : 41019
Test windows  : 259
Window shape  : (50, 45)

Running 5-Fold Engine-wise Cross Validation...
Fold 1: RMSE=14.948 MAE=10.997 R2=0.870 NASA=3.672
Fold 2: RMSE=15.232 MAE=11.474 R2=0.865 NASA=3.647
Fold 3: RMSE=14.530 MAE=10.893 R2=0.877 NASA=3.754
Fold 4: RMSE=14.010 MAE=10.019 R2=0.885 NASA=3.645
Fold 5: RMSE=15.145 MAE=11.186 R2=0.866 NASA=4.478

Cross-Validation Average
RMSE       : 14.773
MAE        : 10.914
R2         : 0.873
NASA Score : 3.839

Training Final CNN-LSTM Model...
Best Epoch: 19

FD002 CNN-BiLSTM-Attention final-fit diagnostics
Best epoch             : 19
Best validation loss   : 67.49784
Final training MSE     : 115.38767
Final validation MSE   : 115.93283
Validation MSE gap     : 0.54516
Fit assessment         : reasonable fit
Best validation MAE    : 8.48207
Retraining deployable CNN-LSTM on all training engines...

Final NASA Test Metrics
RMSE       : 28.484
MAE        : 19.325
R2         : 0.719
NASA Score : 38.074

Per-regime test metrics
Regime 0: RMSE=26.487 MAE=16.834 R2=0.753
Regime 1: RMSE=29.273 MAE=18.589 R2=0.736
Regime 2: RMSE=30.403 MAE=22.057 R2=0.690
Regime 3: RMSE=28.891 MAE=22.179 R2=0.734
Regime 4: RMSE=28.506 MAE=18.898 R2=0.606
Regime 5: RMSE=28.997 MAE=19.646 R2=0.685

Constant sensor report saved to:
E:\PdM\outputs\constant_sensors\FD004_constant_sensors.txt

Low variance sensor report saved to:
E:\PdM\outputs\low_variance_sensors\FD004_low_variance_sensors.txt

Unique operating conditions: 10232

========================================
Operating Regime Analysis : FD004
========================================
Samples              : 61249
Features             : 3
Cluster Range        : 2 - 10

Evaluating candidate clusters...

Evaluating K = 2
Evaluating K = 3
Evaluating K = 4
Evaluating K = 5
Evaluating K = 6
Evaluating K = 7
Evaluating K = 8
Evaluating K = 9
Evaluating K = 10

========================================
Cluster Evaluation Metrics
========================================
   Clusters  ...  Calinski_Harabasz
0         2  ...       7.770337e+04
1         3  ...       2.631540e+05
2         4  ...       5.666023e+05
3         5  ...       2.168085e+06
4         6  ...       8.432064e+09
5         7  ...       8.844210e+09
6         8  ...       9.003482e+09
7         9  ...       9.687869e+09
8        10  ...       1.116195e+10

[9 rows x 5 columns]

Cluster metrics saved to:
E:\PdM\dataset\processed\regime_analysis\FD004\FD004_cluster_metrics.csv

========================================
Best Cluster Count by Metric
========================================
Silhouette Score     : 6
Davies-Bouldin Index : 6
Calinski-Harabasz    : 10
Elbow Method         : 2

========================================
Final Recommendation
========================================
Recommended K : 6

Vote Summary
K = 2 : 1 vote(s)
K = 6 : 2 vote(s)
K = 10 : 1 vote(s)

Recommendation saved to:
E:\PdM\dataset\processed\regime_analysis\FD004\FD004_best_k.json

Evaluation plots saved successfully.

Optimal Clusters : 6

Fitted 6 regime scalers.

Operating regime preprocessing completed.

Train Regime Distribution
Regime_ID
0    15395
1     9224
2     9139
3     9091
4     9238
5     9162
Name: count, dtype: int64

Test Regime Distribution
Regime_ID
0    10382
1     6185
2     6107
3     6254
4     6054
5     6232
Name: count, dtype: int64
Regime identity features added: ['Regime_OneHot_0', 'Regime_OneHot_1', 'Regime_OneHot_2', 'Regime_OneHot_3', 'Regime_OneHot_4', 'Regime_OneHot_5']

Z-score normalization report saved to:
E:\PdM\outputs\normalization\FD004_zscore_report.txt
Temporal leakage audit passed and saved to:
E:\PdM\outputs\temporal_features\FD004_causal_audit.txt
Temporal degradation features added for: ['Sensor_11', 'Sensor_4', 'Sensor_17', 'Sensor_8', 'Sensor_13', 'Sensor_9']
Temporal feature report saved to:
E:\PdM\outputs\temporal_features\FD004_selected_sensors.txt

============================================================
Dataset: FD004 | Model: cnn_lstm
============================================================
Train engines : 249
Test engines  : 248
Train windows : 49048
Test windows  : 248
Window shape  : (50, 45)

Running 5-Fold Engine-wise Cross Validation...
Fold 1: RMSE=15.158 MAE=10.421 R2=0.869 NASA=5.636
Fold 2: RMSE=14.591 MAE=9.186 R2=0.878 NASA=5.857
Fold 3: RMSE=15.027 MAE=10.586 R2=0.872 NASA=4.401
Fold 4: RMSE=16.503 MAE=10.947 R2=0.845 NASA=11.489
Fold 5: RMSE=17.734 MAE=11.371 R2=0.821 NASA=20.503

Cross-Validation Average
RMSE       : 15.803
MAE        : 10.502
R2         : 0.857
NASA Score : 9.577

Training Final CNN-LSTM Model...
Best Epoch: 31

FD004 CNN-BiLSTM-Attention final-fit diagnostics
Best epoch             : 31
Best validation loss   : 107.32127
Final training MSE     : 66.69089
Final validation MSE   : 278.75934
Validation MSE gap     : 212.06845
Fit assessment         : possible overfitting
Best validation MAE    : 11.76582
Retraining deployable CNN-LSTM on all training engines...

Final NASA Test Metrics
RMSE       : 27.350
MAE        : 20.293
R2         : 0.748
NASA Score : 24.233

Per-regime test metrics
Regime 0: RMSE=28.112 MAE=20.047 R2=0.688
Regime 1: RMSE=27.408 MAE=21.524 R2=0.773
Regime 2: RMSE=27.563 MAE=20.452 R2=0.758
Regime 3: RMSE=25.185 MAE=18.027 R2=0.783
Regime 4: RMSE=30.035 MAE=23.486 R2=0.710
Regime 5: RMSE=25.656 MAE=19.291 R2=0.781

All datasets and models completed successfully.
Total execution time: 02:06:44
Log file saved to: logs\run_20260805_162800.log
