1b
NASA C-MAPSS Predictive Maintenance
Models: cnn_lstm

Constant sensor report saved to:
E:\PdM\outputs\constant_sensors\FD002_constant_sensors.txt

Low variance sensor report saved to:
E:\PdM\outputs\low_variance_sensors\FD002_low_variance_sensors.txt

Unique operating conditions: 9824

========================================
Operating Regime Analysis : FD002
========================================
Samples              : 53759
Features             : 3
Cluster Range        : 2 - 10

Evaluating candidate clusters...

Evaluating K = 2
Evaluating K = 3
Evaluating K = 4
Evaluating K = 5
Evaluating K = 6
Evaluating K = 7
Evaluating K = 8
Evaluating K = 9
Evaluating K = 10

========================================
Cluster Evaluation Metrics
========================================
   Clusters  ...  Calinski_Harabasz
0         2  ...       6.789473e+04
1         3  ...       2.281360e+05
2         4  ...       4.968524e+05
3         5  ...       1.897869e+06
4         6  ...       7.377668e+09
5         7  ...       7.702519e+09
6         8  ...       7.884369e+09
7         9  ...       8.499977e+09
8        10  ...       9.808113e+09

[9 rows x 5 columns]

Cluster metrics saved to:
E:\PdM\dataset\processed\regime_analysis\FD002\FD002_cluster_metrics.csv

========================================
Best Cluster Count by Metric
========================================
Silhouette Score     : 6
Davies-Bouldin Index : 6
Calinski-Harabasz    : 10
Elbow Method         : 2

========================================
Final Recommendation
========================================
Recommended K : 6

Vote Summary
K = 2 : 1 vote(s)
K = 6 : 2 vote(s)
K = 10 : 1 vote(s)

Recommendation saved to:
E:\PdM\dataset\processed\regime_analysis\FD002\FD002_best_k.json

Evaluation plots saved successfully.

Optimal Clusters : 6

Fitted 6 regime scalers.

Operating regime preprocessing completed.

Train Regime Distribution
Regime_ID
0    13458
1     8044
2     8122
3     8002
4     8096
5     8037
Name: count, dtype: int64

Test Regime Distribution
Regime_ID
0    8483
1    5148
2    5063
3    5042
4    5107
5    5148
Name: count, dtype: int64
Regime identity features added: ['Regime_OneHot_0', 'Regime_OneHot_1', 'Regime_OneHot_2', 'Regime_OneHot_3', 'Regime_OneHot_4', 'Regime_OneHot_5']

Z-score normalization report saved to:
E:\PdM\outputs\normalization\FD002_zscore_report.txt
Temporal leakage audit passed and saved to:
E:\PdM\outputs\temporal_features\FD002_causal_audit.txt
Temporal degradation features added for: ['Sensor_11', 'Sensor_4', 'Sensor_15', 'Sensor_12', 'Sensor_13', 'Sensor_8']
Temporal feature report saved to:
E:\PdM\outputs\temporal_features\FD002_selected_sensors.txt

============================================================
Dataset: FD002 | Model: cnn_lstm
============================================================
Train engines : 260
Test engines  : 259
Train windows : 41019
Test windows  : 259
Window shape  : (50, 45)

Running 5-Fold Engine-wise Cross Validation...
Fold 1: RMSE=14.958 MAE=10.935 R2=0.869 NASA=3.635
Fold 2: RMSE=15.371 MAE=11.679 R2=0.862 NASA=4.093
Fold 3: RMSE=15.873 MAE=11.923 R2=0.853 NASA=3.940
Fold 4: RMSE=14.640 MAE=10.703 R2=0.875 NASA=4.065
Fold 5: RMSE=15.178 MAE=11.512 R2=0.866 NASA=4.142

Cross-Validation Average
RMSE       : 15.204
MAE        : 11.350
R2         : 0.865
NASA Score : 3.975

Training Final CNN-LSTM Model...
Best Epoch: 7

FD002 CNN-BiLSTM-Attention final-fit diagnostics
Best epoch             : 7
Best validation loss   : 63.77736
Final training MSE     : 122.03847
Final validation MSE   : 102.78840
Validation MSE gap     : -19.25007
Fit assessment         : reasonable fit
Best validation MAE    : 8.11752
Retraining deployable CNN-LSTM on all training engines...

Final NASA Test Metrics
RMSE       : 27.579
MAE        : 19.005
R2         : 0.737
NASA Score : 33.613

Per-regime test metrics
Regime 0: RMSE=23.393 MAE=15.750 R2=0.808
Regime 1: RMSE=30.079 MAE=19.663 R2=0.721
Regime 2: RMSE=32.934 MAE=23.741 R2=0.637
Regime 3: RMSE=27.282 MAE=20.941 R2=0.763
Regime 4: RMSE=26.689 MAE=18.506 R2=0.655
Regime 5: RMSE=28.082 MAE=18.564 R2=0.704

Constant sensor report saved to:
E:\PdM\outputs\constant_sensors\FD004_constant_sensors.txt

Low variance sensor report saved to:
E:\PdM\outputs\low_variance_sensors\FD004_low_variance_sensors.txt

Unique operating conditions: 10232

========================================
Operating Regime Analysis : FD004
========================================
Samples              : 61249
Features             : 3
Cluster Range        : 2 - 10

Evaluating candidate clusters...

Evaluating K = 2
Evaluating K = 3
Evaluating K = 4
Evaluating K = 5
Evaluating K = 6
Evaluating K = 7
Evaluating K = 8
Evaluating K = 9
Evaluating K = 10

========================================
Cluster Evaluation Metrics
========================================
   Clusters  ...  Calinski_Harabasz
0         2  ...       7.770337e+04
1         3  ...       2.631540e+05
2         4  ...       5.666023e+05
3         5  ...       2.168085e+06
4         6  ...       8.432064e+09
5         7  ...       8.844210e+09
6         8  ...       9.003482e+09
7         9  ...       9.687869e+09
8        10  ...       1.116195e+10

[9 rows x 5 columns]

Cluster metrics saved to:
E:\PdM\dataset\processed\regime_analysis\FD004\FD004_cluster_metrics.csv

========================================
Best Cluster Count by Metric
========================================
Silhouette Score     : 6
Davies-Bouldin Index : 6
Calinski-Harabasz    : 10
Elbow Method         : 2

========================================
Final Recommendation
========================================
Recommended K : 6

Vote Summary
K = 2 : 1 vote(s)
K = 6 : 2 vote(s)
K = 10 : 1 vote(s)

Recommendation saved to:
E:\PdM\dataset\processed\regime_analysis\FD004\FD004_best_k.json

Evaluation plots saved successfully.

Optimal Clusters : 6

Fitted 6 regime scalers.

Operating regime preprocessing completed.

Train Regime Distribution
Regime_ID
0    15395
1     9224
2     9139
3     9091
4     9238
5     9162
Name: count, dtype: int64

Test Regime Distribution
Regime_ID
0    10382
1     6185
2     6107
3     6254
4     6054
5     6232
Name: count, dtype: int64
Regime identity features added: ['Regime_OneHot_0', 'Regime_OneHot_1', 'Regime_OneHot_2', 'Regime_OneHot_3', 'Regime_OneHot_4', 'Regime_OneHot_5']

Z-score normalization report saved to:
E:\PdM\outputs\normalization\FD004_zscore_report.txt
Temporal leakage audit passed and saved to:
E:\PdM\outputs\temporal_features\FD004_causal_audit.txt
Temporal degradation features added for: ['Sensor_11', 'Sensor_4', 'Sensor_17', 'Sensor_8', 'Sensor_13', 'Sensor_9']
Temporal feature report saved to:
E:\PdM\outputs\temporal_features\FD004_selected_sensors.txt

============================================================
Dataset: FD004 | Model: cnn_lstm
============================================================
Train engines : 249
Test engines  : 248
Train windows : 49048
Test windows  : 248
Window shape  : (50, 45)

Running 5-Fold Engine-wise Cross Validation...
Fold 1: RMSE=15.752 MAE=10.893 R2=0.859 NASA=5.489
Fold 2: RMSE=13.995 MAE=8.823 R2=0.888 NASA=5.343
Fold 3: RMSE=15.074 MAE=10.889 R2=0.871 NASA=4.238
Fold 4: RMSE=17.359 MAE=11.843 R2=0.829 NASA=15.589
Fold 5: RMSE=17.402 MAE=11.189 R2=0.828 NASA=18.149

Cross-Validation Average
RMSE       : 15.917
MAE        : 10.727
R2         : 0.855
NASA Score : 9.762

Training Final CNN-LSTM Model...
Best Epoch: 5

FD004 CNN-BiLSTM-Attention final-fit diagnostics
Best epoch             : 5
Best validation loss   : 93.65748
Final training MSE     : 134.55299
Final validation MSE   : 164.33240
Validation MSE gap     : 29.77940
Fit assessment         : reasonable fit
Best validation MAE    : 8.17817
Retraining deployable CNN-LSTM on all training engines...

Final NASA Test Metrics
RMSE       : 27.377
MAE        : 19.523
R2         : 0.748
NASA Score : 23.072

Per-regime test metrics
Regime 0: RMSE=27.367 MAE=18.771 R2=0.704
Regime 1: RMSE=29.332 MAE=23.012 R2=0.740
Regime 2: RMSE=27.262 MAE=19.105 R2=0.763
Regime 3: RMSE=25.483 MAE=16.680 R2=0.778
Regime 4: RMSE=28.361 MAE=21.276 R2=0.741
Regime 5: RMSE=26.858 MAE=19.758 R2=0.760

All datasets and models completed successfully.
Total execution time: 01:26:48
Log file saved to: logs\run_20260804_201603.log
