MODEL - 2
NASA C-MAPSS Predictive Maintenance
Models: xgboost, lstm, cnn_lstm

Constant sensor report saved to:
E:\PdM\outputs\constant_sensors\FD001_constant_sensors.txt

Low variance sensor report saved to:
E:\PdM\outputs\low_variance_sensors\FD001_low_variance_sensors.txt

============================================================
Dataset: FD001 | Model: xgboost
============================================================
Train engines : 100
Test engines  : 100
Train windows : 17731
Test windows  : 100
Window shape  : (30, 17)

Running 5-Fold Engine-wise Cross Validation...
Fold 1: RMSE=15.657 MAE=11.782 R2=0.859 NASA=17264.448
Fold 2: RMSE=14.376 MAE=11.071 R2=0.882 NASA=12376.963
Fold 3: RMSE=14.721 MAE=10.677 R2=0.873 NASA=14793.074
Fold 4: RMSE=15.954 MAE=11.942 R2=0.855 NASA=18273.124
Fold 5: RMSE=14.553 MAE=10.797 R2=0.879 NASA=11213.266

Cross-Validation Average
RMSE       : 15.052
MAE        : 11.254
R2         : 0.870
NASA Score : 14784.175

Training Final Model...
Selected Trees: 998

Final NASA Test Metrics
RMSE       : 14.394
MAE        : 11.240
R2         : 0.880
NASA Score : 319.713

============================================================
Dataset: FD001 | Model: lstm
============================================================
Train engines : 100
Test engines  : 100
Train windows : 17731
Test windows  : 100
Window shape  : (30, 17)

Running 5-Fold Engine-wise Cross Validation...
Fold 1: RMSE=14.964 MAE=11.039 R2=0.871 NASA=13268.013
Fold 2: RMSE=14.240 MAE=10.049 R2=0.884 NASA=16464.042
Fold 3: RMSE=12.678 MAE=9.103 R2=0.906 NASA=10668.677
Fold 4: RMSE=14.613 MAE=10.931 R2=0.878 NASA=13405.913
Fold 5: RMSE=12.934 MAE=9.149 R2=0.905 NASA=11901.948

Cross-Validation Average
RMSE       : 13.886
MAE        : 10.054
R2         : 0.889
NASA Score : 13141.718

Training Final Model...

Final NASA Test Metrics
RMSE       : 15.298
MAE        : 11.377
R2         : 0.864
NASA Score : 312.840

============================================================
Dataset: FD001 | Model: cnn_lstm
============================================================
Train engines : 100
Test engines  : 100
Train windows : 17731
Test windows  : 100
Window shape  : (30, 17)

Running 5-Fold Engine-wise Cross Validation...
Fold 1: RMSE=16.792 MAE=11.657 R2=0.837 NASA=22801.413
Fold 2: RMSE=15.202 MAE=10.966 R2=0.868 NASA=21426.667
Fold 3: RMSE=14.309 MAE=10.124 R2=0.880 NASA=12766.121
Fold 4: RMSE=17.115 MAE=12.236 R2=0.833 NASA=54891.390
Fold 5: RMSE=14.135 MAE=10.122 R2=0.886 NASA=16476.092

Cross-Validation Average
RMSE       : 15.510
MAE        : 11.021
R2         : 0.861
NASA Score : 25672.337

Training Final CNN-LSTM Model...
Epoch details are shown below.
============================================================
Model path: WindowsPath('E:/PdM/models/FD001_cnn_lstm.keras')
Exists: True
Is dir: True
============================================================

Best Epoch: 9
Best Validation Loss: 68.05286
Early stopping activated at epoch 24.

Final NASA Test Metrics
RMSE       : 16.973
MAE        : 11.964
R2         : 0.833
NASA Score : 647.872

Constant sensor report saved to:
E:\PdM\outputs\constant_sensors\FD002_constant_sensors.txt

Low variance sensor report saved to:
E:\PdM\outputs\low_variance_sensors\FD002_low_variance_sensors.txt

Unique operating conditions: 9824

========================================
Operating Regime Analysis : FD002
========================================
Samples              : 53759
Features             : 3
Cluster Range        : 2 - 10

Evaluating candidate clusters...

Evaluating K = 2
Evaluating K = 3
Evaluating K = 4
Evaluating K = 5
Evaluating K = 6
Evaluating K = 7
Evaluating K = 8
Evaluating K = 9
Evaluating K = 10

========================================
Cluster Evaluation Metrics
========================================
   Clusters  ...  Calinski_Harabasz
0         2  ...       6.789473e+04
1         3  ...       2.281360e+05
2         4  ...       4.968524e+05
3         5  ...       1.897869e+06
4         6  ...       7.377668e+09
5         7  ...       7.702519e+09
6         8  ...       7.884369e+09
7         9  ...       8.499977e+09
8        10  ...       9.808113e+09

[9 rows x 5 columns]

Cluster metrics saved to:
E:\PdM\dataset\processed\regime_analysis\FD002\FD002_cluster_metrics.csv

========================================
Best Cluster Count by Metric
========================================
Silhouette Score     : 6
Davies-Bouldin Index : 6
Calinski-Harabasz    : 10
Elbow Method         : 2

========================================
Final Recommendation
========================================
Recommended K : 6

Vote Summary
K = 2 : 1 vote(s)
K = 6 : 2 vote(s)
K = 10 : 1 vote(s)

Recommendation saved to:
E:\PdM\dataset\processed\regime_analysis\FD002\FD002_best_k.json

Evaluation plots saved successfully.

Optimal Clusters : 6

Fitted 6 regime scalers.

Operating regime preprocessing completed.

Train Regime Distribution
Regime_ID
0    13458
1     8044
2     8122
3     8002
4     8096
5     8037
Name: count, dtype: int64

Test Regime Distribution
Regime_ID
0    8483
1    5148
2    5063
3    5042
4    5107
5    5148
Name: count, dtype: int64

============================================================
Dataset: FD002 | Model: xgboost
============================================================
Train engines : 260
Test engines  : 259
Train windows : 46219
Test windows  : 259
Window shape  : (30, 24)

Running 5-Fold Engine-wise Cross Validation...
Fold 1: RMSE=15.709 MAE=11.708 R2=0.858 NASA=46203.543
Fold 2: RMSE=15.763 MAE=11.839 R2=0.858 NASA=44172.514
Fold 3: RMSE=15.549 MAE=11.535 R2=0.862 NASA=46034.612
Fold 4: RMSE=17.106 MAE=12.912 R2=0.833 NASA=52105.988
Fold 5: RMSE=17.684 MAE=13.380 R2=0.819 NASA=64219.148

Cross-Validation Average
RMSE       : 16.362
MAE        : 12.275
R2         : 0.846
NASA Score : 50547.161

Training Final Model...
Selected Trees: 837

Final NASA Test Metrics
RMSE       : 27.819
MAE        : 18.164
R2         : 0.732
NASA Score : 10759.241

============================================================
Dataset: FD002 | Model: lstm
============================================================
Train engines : 260
Test engines  : 259
Train windows : 46219
Test windows  : 259
Window shape  : (30, 24)

Running 5-Fold Engine-wise Cross Validation...
Fold 1: RMSE=15.079 MAE=11.119 R2=0.869 NASA=45488.286
Fold 2: RMSE=15.810 MAE=11.287 R2=0.857 NASA=56425.168
Fold 3: RMSE=15.372 MAE=11.103 R2=0.865 NASA=55253.827
Fold 4: RMSE=16.644 MAE=12.151 R2=0.842 NASA=66869.379
Fold 5: RMSE=17.389 MAE=12.584 R2=0.825 NASA=78929.650

Cross-Validation Average
RMSE       : 16.059
MAE        : 11.649
R2         : 0.852
NASA Score : 60593.262

Training Final Model...

Final NASA Test Metrics
RMSE       : 27.472
MAE        : 18.150
R2         : 0.739
NASA Score : 14411.861

============================================================
Dataset: FD002 | Model: cnn_lstm
============================================================
Train engines : 260
Test engines  : 259
Train windows : 46219
Test windows  : 259
Window shape  : (30, 24)

Running 5-Fold Engine-wise Cross Validation...
Fold 1: RMSE=15.714 MAE=11.298 R2=0.858 NASA=54102.260
Fold 2: RMSE=17.055 MAE=12.452 R2=0.834 NASA=66012.227
Fold 3: RMSE=18.255 MAE=12.862 R2=0.810 NASA=76656.442
Fold 4: RMSE=18.213 MAE=12.753 R2=0.811 NASA=77084.424
Fold 5: RMSE=19.623 MAE=14.115 R2=0.777 NASA=116369.850

Cross-Validation Average
RMSE       : 17.772
MAE        : 12.696
R2         : 0.818
NASA Score : 78045.040

Training Final CNN-LSTM Model...
Epoch details are shown below.
============================================================
Model path: WindowsPath('E:/PdM/models/FD002_cnn_lstm.keras')
Exists: True
Is dir: True
============================================================

Best Epoch: 4
Best Validation Loss: 89.22163
Early stopping activated at epoch 19.

Final NASA Test Metrics
RMSE       : 29.652
MAE        : 20.035
R2         : 0.696
NASA Score : 32864.065

Constant sensor report saved to:
E:\PdM\outputs\constant_sensors\FD003_constant_sensors.txt

Low variance sensor report saved to:
E:\PdM\outputs\low_variance_sensors\FD003_low_variance_sensors.txt

============================================================
Dataset: FD003 | Model: xgboost
============================================================
Train engines : 100
Test engines  : 100
Train windows : 21820
Test windows  : 100
Window shape  : (30, 17)

Running 5-Fold Engine-wise Cross Validation...
Fold 1: RMSE=14.330 MAE=9.618 R2=0.882 NASA=20186.864
Fold 2: RMSE=14.877 MAE=10.248 R2=0.869 NASA=14007.218
Fold 3: RMSE=14.143 MAE=9.855 R2=0.885 NASA=19275.730
Fold 4: RMSE=12.030 MAE=8.275 R2=0.916 NASA=11291.327
Fold 5: RMSE=13.347 MAE=8.981 R2=0.895 NASA=14364.836

Cross-Validation Average
RMSE       : 13.745
MAE        : 9.395
R2         : 0.889
NASA Score : 15825.195

Training Final Model...
Selected Trees: 847

Final NASA Test Metrics
RMSE       : 15.501
MAE        : 11.683
R2         : 0.860
NASA Score : 529.553

============================================================
Dataset: FD003 | Model: lstm
============================================================
Train engines : 100
Test engines  : 100
Train windows : 21820
Test windows  : 100
Window shape  : (30, 17)

Running 5-Fold Engine-wise Cross Validation...
Fold 1: RMSE=14.178 MAE=8.970 R2=0.884 NASA=25792.744
Fold 2: RMSE=14.075 MAE=9.564 R2=0.883 NASA=13101.875
Fold 3: RMSE=14.434 MAE=9.723 R2=0.880 NASA=33832.525
Fold 4: RMSE=12.268 MAE=7.463 R2=0.912 NASA=14431.939
Fold 5: RMSE=13.780 MAE=9.036 R2=0.888 NASA=15107.260

Cross-Validation Average
RMSE       : 13.747
MAE        : 8.951
R2         : 0.889
NASA Score : 20453.269

Training Final Model...

Final NASA Test Metrics
RMSE       : 16.535
MAE        : 12.318
R2         : 0.840
NASA Score : 793.193

============================================================
Dataset: FD003 | Model: cnn_lstm
============================================================
Train engines : 100
Test engines  : 100
Train windows : 21820
Test windows  : 100
Window shape  : (30, 17)

Running 5-Fold Engine-wise Cross Validation...
Fold 1: RMSE=16.465 MAE=10.459 R2=0.844 NASA=30917.140
Fold 2: RMSE=20.370 MAE=13.996 R2=0.755 NASA=42765.477
Fold 3: RMSE=16.835 MAE=11.323 R2=0.837 NASA=38441.896
Fold 4: RMSE=13.592 MAE=9.126 R2=0.892 NASA=23689.719
Fold 5: RMSE=17.478 MAE=11.088 R2=0.819 NASA=37474.564

Cross-Validation Average
RMSE       : 16.948
MAE        : 11.199
R2         : 0.829
NASA Score : 34657.759

Training Final CNN-LSTM Model...
Epoch details are shown below.
============================================================
Model path: WindowsPath('E:/PdM/models/FD003_cnn_lstm.keras')
Exists: True
Is dir: True
============================================================

Best Epoch: 9
Best Validation Loss: 68.69874
Early stopping activated at epoch 24.

Final NASA Test Metrics
RMSE       : 18.899
MAE        : 13.924
R2         : 0.792
NASA Score : 1707.052

Constant sensor report saved to:
E:\PdM\outputs\constant_sensors\FD004_constant_sensors.txt

Low variance sensor report saved to:
E:\PdM\outputs\low_variance_sensors\FD004_low_variance_sensors.txt

Unique operating conditions: 10232

========================================
Operating Regime Analysis : FD004
========================================
Samples              : 61249
Features             : 3
Cluster Range        : 2 - 10

Evaluating candidate clusters...

Evaluating K = 2
Evaluating K = 3
Evaluating K = 4
Evaluating K = 5
Evaluating K = 6
Evaluating K = 7
Evaluating K = 8
Evaluating K = 9
Evaluating K = 10

========================================
Cluster Evaluation Metrics
========================================
   Clusters  ...  Calinski_Harabasz
0         2  ...       7.770337e+04
1         3  ...       2.631540e+05
2         4  ...       5.666023e+05
3         5  ...       2.168085e+06
4         6  ...       8.432064e+09
5         7  ...       8.844210e+09
6         8  ...       9.003482e+09
7         9  ...       9.687869e+09
8        10  ...       1.116195e+10

[9 rows x 5 columns]

Cluster metrics saved to:
E:\PdM\dataset\processed\regime_analysis\FD004\FD004_cluster_metrics.csv

========================================
Best Cluster Count by Metric
========================================
Silhouette Score     : 6
Davies-Bouldin Index : 6
Calinski-Harabasz    : 10
Elbow Method         : 2

========================================
Final Recommendation
========================================
Recommended K : 6

Vote Summary
K = 2 : 1 vote(s)
K = 6 : 2 vote(s)
K = 10 : 1 vote(s)

Recommendation saved to:
E:\PdM\dataset\processed\regime_analysis\FD004\FD004_best_k.json

Evaluation plots saved successfully.

Optimal Clusters : 6

Fitted 6 regime scalers.

Operating regime preprocessing completed.

Train Regime Distribution
Regime_ID
0    15395
1     9224
2     9139
3     9091
4     9238
5     9162
Name: count, dtype: int64

Test Regime Distribution
Regime_ID
0    10382
1     6185
2     6107
3     6254
4     6054
5     6232
Name: count, dtype: int64

============================================================
Dataset: FD004 | Model: xgboost
============================================================
Train engines : 249
Test engines  : 248
Train windows : 54028
Test windows  : 248
Window shape  : (30, 24)

Running 5-Fold Engine-wise Cross Validation...
Fold 1: RMSE=17.265 MAE=11.304 R2=0.828 NASA=207628.533
Fold 2: RMSE=13.805 MAE=9.663 R2=0.888 NASA=39512.651
Fold 3: RMSE=14.137 MAE=9.687 R2=0.884 NASA=45834.893
Fold 4: RMSE=15.797 MAE=10.773 R2=0.853 NASA=154202.648
Fold 5: RMSE=16.342 MAE=11.239 R2=0.847 NASA=91294.341

Cross-Validation Average
RMSE       : 15.469
MAE        : 10.533
R2         : 0.860
NASA Score : 107694.613

Training Final Model...
Selected Trees: 1221

Final NASA Test Metrics
RMSE       : 27.683
MAE        : 20.067
R2         : 0.742
NASA Score : 5248.613

============================================================
Dataset: FD004 | Model: lstm
============================================================
Train engines : 249
Test engines  : 248
Train windows : 54028
Test windows  : 248
Window shape  : (30, 24)

Running 5-Fold Engine-wise Cross Validation...
Fold 1: RMSE=17.251 MAE=10.612 R2=0.828 NASA=234135.572
Fold 2: RMSE=14.932 MAE=10.028 R2=0.869 NASA=46204.624
Fold 3: RMSE=14.069 MAE=8.971 R2=0.885 NASA=57100.910
Fold 4: RMSE=16.225 MAE=10.939 R2=0.845 NASA=81608.208
Fold 5: RMSE=15.277 MAE=10.286 R2=0.866 NASA=74420.214

Cross-Validation Average
RMSE       : 15.551
MAE        : 10.167
R2         : 0.859
NASA Score : 98693.905

Training Final Model...

Final NASA Test Metrics
RMSE       : 28.261
MAE        : 19.842
R2         : 0.731
NASA Score : 6421.901

============================================================
Dataset: FD004 | Model: cnn_lstm
============================================================
Train engines : 249
Test engines  : 248
Train windows : 54028
Test windows  : 248
Window shape  : (30, 24)

Running 5-Fold Engine-wise Cross Validation...
Fold 1: RMSE=21.208 MAE=13.884 R2=0.740 NASA=348978.181
Fold 2: RMSE=18.667 MAE=12.512 R2=0.795 NASA=136925.898
Fold 3: RMSE=16.411 MAE=10.734 R2=0.843 NASA=108171.100
Fold 4: RMSE=19.398 MAE=12.450 R2=0.779 NASA=302915.254
Fold 5: RMSE=18.572 MAE=12.410 R2=0.802 NASA=134379.363

Cross-Validation Average
RMSE       : 18.851
MAE        : 12.398
R2         : 0.792
NASA Score : 206273.959

Training Final CNN-LSTM Model...
Epoch details are shown below.
============================================================
Model path: WindowsPath('E:/PdM/models/FD004_cnn_lstm.keras')
Exists: True
Is dir: True
============================================================

Best Epoch: 6
Best Validation Loss: 112.61273
Early stopping activated at epoch 21.

Final NASA Test Metrics
RMSE       : 30.648
MAE        : 22.535
R2         : 0.684
NASA Score : 8403.734

All datasets and models completed successfully.

Total execution time: 04:05:32
Log file saved to: logs\run_20260731_171404.log
