1d
NASA C-MAPSS Predictive Maintenance
Models: cnn_lstm

Constant sensor report saved to:
E:\PdM\outputs\constant_sensors\FD002_constant_sensors.txt

Low variance sensor report saved to:
E:\PdM\outputs\low_variance_sensors\FD002_low_variance_sensors.txt

Unique operating conditions: 9824

========================================
Operating Regime Analysis : FD002
========================================
Samples              : 53759
Features             : 3
Cluster Range        : 2 - 10

Evaluating candidate clusters...

Evaluating K = 2
Evaluating K = 3
Evaluating K = 4
Evaluating K = 5
Evaluating K = 6
Evaluating K = 7
Evaluating K = 8
Evaluating K = 9
Evaluating K = 10

========================================
Cluster Evaluation Metrics
========================================
   Clusters  ...  Calinski_Harabasz
0         2  ...       6.789473e+04
1         3  ...       2.281360e+05
2         4  ...       4.968524e+05
3         5  ...       1.897869e+06
4         6  ...       7.377668e+09
5         7  ...       7.702519e+09
6         8  ...       7.884369e+09
7         9  ...       8.499977e+09
8        10  ...       9.808113e+09

[9 rows x 5 columns]

Cluster metrics saved to:
E:\PdM\dataset\processed\regime_analysis\FD002\FD002_cluster_metrics.csv

========================================
Best Cluster Count by Metric
========================================
Silhouette Score     : 6
Davies-Bouldin Index : 6
Calinski-Harabasz    : 10
Elbow Method         : 2

========================================
Final Recommendation
========================================
Recommended K : 6

Vote Summary
K = 2 : 1 vote(s)
K = 6 : 2 vote(s)
K = 10 : 1 vote(s)

Recommendation saved to:
E:\PdM\dataset\processed\regime_analysis\FD002\FD002_best_k.json

Evaluation plots saved successfully.

Optimal Clusters : 6

Fitted 6 regime scalers.

Operating regime preprocessing completed.

Train Regime Distribution
Regime_ID
0    13458
1     8044
2     8122
3     8002
4     8096
5     8037
Name: count, dtype: int64

Test Regime Distribution
Regime_ID
0    8483
1    5148
2    5063
3    5042
4    5107
5    5148
Name: count, dtype: int64
Regime identity features added: ['Regime_OneHot_0', 'Regime_OneHot_1', 'Regime_OneHot_2', 'Regime_OneHot_3', 'Regime_OneHot_4', 'Regime_OneHot_5']

Z-score normalization report saved to:
E:\PdM\outputs\normalization\FD002_zscore_report.txt
Temporal leakage audit passed and saved to:
E:\PdM\outputs\temporal_features\FD002_causal_audit.txt
Temporal degradation features added for: ['Sensor_11', 'Sensor_4', 'Sensor_15', 'Sensor_12', 'Sensor_13', 'Sensor_8']
Temporal feature report saved to:
E:\PdM\outputs\temporal_features\FD002_selected_sensors.txt

============================================================
Dataset: FD002 | Model: cnn_lstm
============================================================
Train engines : 260
Test engines  : 259
Train windows : 41019
Test windows  : 259
Window shape  : (50, 45)

Running 5-Fold Engine-wise Cross Validation...
Fold 1: RMSE=14.942 MAE=10.994 R2=0.870 NASA=3.875
Fold 2: RMSE=16.331 MAE=12.586 R2=0.844 NASA=4.271
Fold 3: RMSE=15.434 MAE=11.439 R2=0.861 NASA=3.696
Fold 4: RMSE=14.634 MAE=10.479 R2=0.875 NASA=3.799
Fold 5: RMSE=15.386 MAE=11.688 R2=0.862 NASA=3.630

Cross-Validation Average
RMSE       : 15.345
MAE        : 11.437
R2         : 0.862
NASA Score : 3.854

Training Final CNN-LSTM Model...
Best Epoch: 7

FD002 CNN-BiLSTM-Attention final-fit diagnostics
Best epoch             : 7
Best validation loss   : 62.86144
Final training MSE     : 123.79163
Final validation MSE   : 93.22945
Validation MSE gap     : -30.56218
Fit assessment         : reasonable fit
Best validation MAE    : 7.51594
Retraining deployable CNN-LSTM on all training engines...

Final NASA Test Metrics
RMSE       : 28.228
MAE        : 19.450
R2         : 0.724
NASA Score : 36.946

Per-regime test metrics
Regime 0: RMSE=24.626 MAE=16.411 R2=0.787
Regime 1: RMSE=30.894 MAE=20.230 R2=0.706
Regime 2: RMSE=33.770 MAE=24.226 R2=0.618
Regime 3: RMSE=27.251 MAE=20.422 R2=0.763
Regime 4: RMSE=26.607 MAE=18.002 R2=0.657
Regime 5: RMSE=28.919 MAE=20.575 R2=0.686

Constant sensor report saved to:
E:\PdM\outputs\constant_sensors\FD004_constant_sensors.txt

Low variance sensor report saved to:
E:\PdM\outputs\low_variance_sensors\FD004_low_variance_sensors.txt

Unique operating conditions: 10232

========================================
Operating Regime Analysis : FD004
========================================
Samples              : 61249
Features             : 3
Cluster Range        : 2 - 10

Evaluating candidate clusters...

Evaluating K = 2
Evaluating K = 3
Evaluating K = 4
Evaluating K = 5
Evaluating K = 6
Evaluating K = 7
Evaluating K = 8
Evaluating K = 9
Evaluating K = 10

========================================
Cluster Evaluation Metrics
========================================
   Clusters  ...  Calinski_Harabasz
0         2  ...       7.770337e+04
1         3  ...       2.631540e+05
2         4  ...       5.666023e+05
3         5  ...       2.168085e+06
4         6  ...       8.432064e+09
5         7  ...       8.844210e+09
6         8  ...       9.003482e+09
7         9  ...       9.687869e+09
8        10  ...       1.116195e+10

[9 rows x 5 columns]

Cluster metrics saved to:
E:\PdM\dataset\processed\regime_analysis\FD004\FD004_cluster_metrics.csv

========================================
Best Cluster Count by Metric
========================================
Silhouette Score     : 6
Davies-Bouldin Index : 6
Calinski-Harabasz    : 10
Elbow Method         : 2

========================================
Final Recommendation
========================================
Recommended K : 6

Vote Summary
K = 2 : 1 vote(s)
K = 6 : 2 vote(s)
K = 10 : 1 vote(s)

Recommendation saved to:
E:\PdM\dataset\processed\regime_analysis\FD004\FD004_best_k.json

Evaluation plots saved successfully.

Optimal Clusters : 6

Fitted 6 regime scalers.

Operating regime preprocessing completed.

Train Regime Distribution
Regime_ID
0    15395
1     9224
2     9139
3     9091
4     9238
5     9162
Name: count, dtype: int64

Test Regime Distribution
Regime_ID
0    10382
1     6185
2     6107
3     6254
4     6054
5     6232
Name: count, dtype: int64
Regime identity features added: ['Regime_OneHot_0', 'Regime_OneHot_1', 'Regime_OneHot_2', 'Regime_OneHot_3', 'Regime_OneHot_4', 'Regime_OneHot_5']

Z-score normalization report saved to:
E:\PdM\outputs\normalization\FD004_zscore_report.txt
Temporal leakage audit passed and saved to:
E:\PdM\outputs\temporal_features\FD004_causal_audit.txt
Temporal degradation features added for: ['Sensor_11', 'Sensor_4', 'Sensor_17', 'Sensor_8', 'Sensor_13', 'Sensor_9']
Temporal feature report saved to:
E:\PdM\outputs\temporal_features\FD004_selected_sensors.txt

============================================================
Dataset: FD004 | Model: cnn_lstm
============================================================
Train engines : 249
Test engines  : 248
Train windows : 49048
Test windows  : 248
Window shape  : (50, 45)

Running 5-Fold Engine-wise Cross Validation...
Fold 1: RMSE=15.913 MAE=10.751 R2=0.856 NASA=6.803
Fold 2: RMSE=13.627 MAE=9.190 R2=0.894 NASA=3.796
Fold 3: RMSE=14.049 MAE=10.109 R2=0.888 NASA=3.466
Fold 4: RMSE=17.636 MAE=12.191 R2=0.823 NASA=15.596
Fold 5: RMSE=17.310 MAE=10.685 R2=0.830 NASA=25.251

Cross-Validation Average
RMSE       : 15.707
MAE        : 10.585
R2         : 0.858
NASA Score : 10.983

Training Final CNN-LSTM Model...
Best Epoch: 19

FD004 CNN-BiLSTM-Attention final-fit diagnostics
Best epoch             : 19
Best validation loss   : 81.66816
Final training MSE     : 172.80231
Final validation MSE   : 226.21483
Validation MSE gap     : 53.41252
Fit assessment         : reasonable fit
Best validation MAE    : 10.97918
Retraining deployable CNN-LSTM on all training engines...

Final NASA Test Metrics
RMSE       : 33.491
MAE        : 24.850
R2         : 0.623
NASA Score : 64.398

Per-regime test metrics
Regime 0: RMSE=31.537 MAE=23.136 R2=0.607
Regime 1: RMSE=37.577 MAE=29.346 R2=0.574
Regime 2: RMSE=35.530 MAE=26.833 R2=0.598
Regime 3: RMSE=30.774 MAE=20.531 R2=0.677
Regime 4: RMSE=35.988 MAE=27.314 R2=0.583
Regime 5: RMSE=31.150 MAE=24.098 R2=0.677

All datasets and models completed successfully.
Total execution time: 01:29:26
Log file saved to: logs\run_20260804_235822.log
