MODEL - 5
NASA C-MAPSS Predictive Maintenance
Models: xgboost, lstm, cnn_lstm

Constant sensor report saved to:
E:\PdM\outputs\constant_sensors\FD001_constant_sensors.txt

Low variance sensor report saved to:
E:\PdM\outputs\low_variance_sensors\FD001_low_variance_sensors.txt

============================================================
Dataset: FD001 | Model: xgboost
============================================================
Train engines : 100
Test engines  : 100
Train windows : 17731
Test windows  : 100
Window shape  : (30, 14)

Running 5-Fold Engine-wise Cross Validation...
Fold 1: RMSE=15.307 MAE=11.705 R2=0.866 NASA=14072.037
Fold 2: RMSE=15.291 MAE=11.429 R2=0.866 NASA=14046.583
Fold 3: RMSE=13.693 MAE=10.275 R2=0.893 NASA=11370.134
Fold 4: RMSE=15.421 MAE=11.617 R2=0.864 NASA=17543.291
Fold 5: RMSE=14.063 MAE=10.485 R2=0.887 NASA=12900.568

Cross-Validation Average
RMSE       : 14.755
MAE        : 11.102
R2         : 0.875
NASA Score : 13986.523

Training Final XGBoost Model...
Selected Trees: 1088
XGBoost validation loss is not epoch-based; the preceding 5-fold engine-wise metrics are the validation results.

Final NASA Test Metrics
RMSE       : 14.314
MAE        : 10.982
R2         : 0.881
NASA Score : 322.917

============================================================
Dataset: FD001 | Model: lstm
============================================================
Train engines : 100
Test engines  : 100
Train windows : 17731
Test windows  : 100
Window shape  : (30, 14)

Running 5-Fold Engine-wise Cross Validation...
Fold 1: RMSE=14.243 MAE=10.662 R2=0.884 NASA=12630.738
Fold 2: RMSE=13.709 MAE=9.760 R2=0.892 NASA=12217.102
Fold 3: RMSE=12.364 MAE=8.876 R2=0.913 NASA=8210.009
Fold 4: RMSE=13.432 MAE=9.827 R2=0.897 NASA=13160.917
Fold 5: RMSE=13.394 MAE=10.030 R2=0.897 NASA=11046.788

Cross-Validation Average
RMSE       : 13.429
MAE        : 9.831
R2         : 0.897
NASA Score : 11453.111

Training Final LSTM Model...
Best Epoch: 18

FD001 LSTM final-fit diagnostics
Best epoch             : 18
Best validation loss   : 173.84615
Final training loss    : 117.04795
Final validation loss  : 227.33784
Validation gap         : 110.28989
Fit assessment         : possible overfitting
Best validation MAE    : 9.16365

Final NASA Test Metrics
RMSE       : 14.703
MAE        : 11.082
R2         : 0.875
NASA Score : 359.940

============================================================
Dataset: FD001 | Model: cnn_lstm
============================================================
Train engines : 100
Test engines  : 100
Train windows : 17731
Test windows  : 100
Window shape  : (30, 14)

Running 5-Fold Engine-wise Cross Validation...
Fold 1: RMSE=14.572 MAE=10.300 R2=0.879 NASA=13546.893
Fold 2: RMSE=14.375 MAE=10.009 R2=0.882 NASA=16324.004
Fold 3: RMSE=12.191 MAE=8.492 R2=0.915 NASA=8343.171
Fold 4: RMSE=13.414 MAE=9.686 R2=0.897 NASA=14752.746
Fold 5: RMSE=13.964 MAE=10.043 R2=0.888 NASA=14007.518

Cross-Validation Average
RMSE       : 13.703
MAE        : 9.706
R2         : 0.892
NASA Score : 13394.866

Training Final CNN-LSTM Model...
Best Epoch: 11

FD001 CNN-BiLSTM-Attention final-fit diagnostics
Best epoch             : 11
Best validation loss   : 169.67183
Final training loss    : 118.64812
Final validation loss  : 216.48732
Validation gap         : 97.83920
Fit assessment         : possible overfitting
Best validation MAE    : 9.24217

Final NASA Test Metrics
RMSE       : 16.382
MAE        : 11.538
R2         : 0.845
NASA Score : 674.660

Constant sensor report saved to:
E:\PdM\outputs\constant_sensors\FD002_constant_sensors.txt

Low variance sensor report saved to:
E:\PdM\outputs\low_variance_sensors\FD002_low_variance_sensors.txt

Unique operating conditions: 9824

========================================
Operating Regime Analysis : FD002
========================================
Samples              : 53759
Features             : 3
Cluster Range        : 2 - 10

Evaluating candidate clusters...

Evaluating K = 2
Evaluating K = 3
Evaluating K = 4
Evaluating K = 5
Evaluating K = 6
Evaluating K = 7
Evaluating K = 8
Evaluating K = 9
Evaluating K = 10

========================================
Cluster Evaluation Metrics
========================================
   Clusters  ...  Calinski_Harabasz
0         2  ...       6.789473e+04
1         3  ...       2.281360e+05
2         4  ...       4.968524e+05
3         5  ...       1.897869e+06
4         6  ...       7.377668e+09
5         7  ...       7.702519e+09
6         8  ...       7.884369e+09
7         9  ...       8.499977e+09
8        10  ...       9.808113e+09

[9 rows x 5 columns]

Cluster metrics saved to:
E:\PdM\dataset\processed\regime_analysis\FD002\FD002_cluster_metrics.csv

========================================
Best Cluster Count by Metric
========================================
Silhouette Score     : 6
Davies-Bouldin Index : 6
Calinski-Harabasz    : 10
Elbow Method         : 2

========================================
Final Recommendation
========================================
Recommended K : 6

Vote Summary
K = 2 : 1 vote(s)
K = 6 : 2 vote(s)
K = 10 : 1 vote(s)

Recommendation saved to:
E:\PdM\dataset\processed\regime_analysis\FD002\FD002_best_k.json

Evaluation plots saved successfully.

Optimal Clusters : 6

Fitted 6 regime scalers.

Operating regime preprocessing completed.

Train Regime Distribution
Regime_ID
0    13458
1     8044
2     8122
3     8002
4     8096
5     8037
Name: count, dtype: int64

Test Regime Distribution
Regime_ID
0    8483
1    5148
2    5063
3    5042
4    5107
5    5148
Name: count, dtype: int64

============================================================
Dataset: FD002 | Model: xgboost
============================================================
Train engines : 260
Test engines  : 259
Train windows : 46219
Test windows  : 259
Window shape  : (30, 21)

Running 5-Fold Engine-wise Cross Validation...
Fold 1: RMSE=17.001 MAE=12.810 R2=0.835 NASA=51074.457
Fold 2: RMSE=15.101 MAE=11.227 R2=0.869 NASA=45129.972
Fold 3: RMSE=15.738 MAE=11.796 R2=0.858 NASA=42908.608
Fold 4: RMSE=16.552 MAE=12.370 R2=0.843 NASA=57017.750
Fold 5: RMSE=17.516 MAE=13.194 R2=0.824 NASA=58272.413

Cross-Validation Average
RMSE       : 16.382
MAE        : 12.279
R2         : 0.846
NASA Score : 50880.640

Training Final XGBoost Model...
Selected Trees: 929
XGBoost validation loss is not epoch-based; the preceding 5-fold engine-wise metrics are the validation results.

Final NASA Test Metrics
RMSE       : 27.628
MAE        : 18.372
R2         : 0.736
NASA Score : 9937.211

============================================================
Dataset: FD002 | Model: lstm
============================================================
Train engines : 260
Test engines  : 259
Train windows : 46219
Test windows  : 259
Window shape  : (30, 21)

Running 5-Fold Engine-wise Cross Validation...
Fold 1: RMSE=16.326 MAE=12.201 R2=0.847 NASA=55991.426
Fold 2: RMSE=15.463 MAE=11.653 R2=0.863 NASA=38296.949
Fold 3: RMSE=15.112 MAE=10.904 R2=0.869 NASA=44669.755
Fold 4: RMSE=15.810 MAE=11.511 R2=0.857 NASA=50663.678
Fold 5: RMSE=16.447 MAE=11.994 R2=0.845 NASA=56640.526

Cross-Validation Average
RMSE       : 15.832
MAE        : 11.653
R2         : 0.856
NASA Score : 49252.467

Training Final LSTM Model...
Best Epoch: 3

FD002 LSTM final-fit diagnostics
Best epoch             : 3
Best validation loss   : 243.94960
Final training loss    : 104.39835
Final validation loss  : 332.25833
Validation gap         : 227.85999
Fit assessment         : possible overfitting
Best validation MAE    : 11.80512

Final NASA Test Metrics
RMSE       : 26.788
MAE        : 17.680
R2         : 0.752
NASA Score : 9147.513

============================================================
Dataset: FD002 | Model: cnn_lstm
============================================================
Train engines : 260
Test engines  : 259
Train windows : 46219
Test windows  : 259
Window shape  : (30, 21)

Running 5-Fold Engine-wise Cross Validation...
Fold 1: RMSE=16.305 MAE=11.954 R2=0.848 NASA=50754.606
Fold 2: RMSE=15.251 MAE=11.051 R2=0.867 NASA=51900.369
Fold 3: RMSE=16.332 MAE=12.264 R2=0.847 NASA=50476.832
Fold 4: RMSE=16.895 MAE=12.631 R2=0.837 NASA=57588.721
Fold 5: RMSE=16.933 MAE=12.046 R2=0.836 NASA=65920.173

Cross-Validation Average
RMSE       : 16.343
MAE        : 11.989
R2         : 0.847
NASA Score : 55328.140

Training Final CNN-LSTM Model...
Best Epoch: 2

FD002 CNN-BiLSTM-Attention final-fit diagnostics
Best epoch             : 2
Best validation loss   : 272.65817
Final training loss    : 140.17133
Final validation loss  : 373.72357
Validation gap         : 233.55225
Fit assessment         : possible overfitting
Best validation MAE    : 12.21247

Final NASA Test Metrics
RMSE       : 27.689
MAE        : 18.441
R2         : 0.735
NASA Score : 11649.449

Constant sensor report saved to:
E:\PdM\outputs\constant_sensors\FD003_constant_sensors.txt

Low variance sensor report saved to:
E:\PdM\outputs\low_variance_sensors\FD003_low_variance_sensors.txt

============================================================
Dataset: FD003 | Model: xgboost
============================================================
Train engines : 100
Test engines  : 100
Train windows : 21820
Test windows  : 100
Window shape  : (30, 14)

Running 5-Fold Engine-wise Cross Validation...
Fold 1: RMSE=13.420 MAE=9.180 R2=0.895 NASA=16674.939
Fold 2: RMSE=12.312 MAE=8.524 R2=0.912 NASA=11338.815
Fold 3: RMSE=12.918 MAE=8.396 R2=0.903 NASA=15932.598
Fold 4: RMSE=13.782 MAE=9.626 R2=0.889 NASA=12892.032
Fold 5: RMSE=14.021 MAE=9.357 R2=0.885 NASA=14766.010

Cross-Validation Average
RMSE       : 13.291
MAE        : 9.017
R2         : 0.897
NASA Score : 14320.879

Training Final XGBoost Model...
Selected Trees: 975
XGBoost validation loss is not epoch-based; the preceding 5-fold engine-wise metrics are the validation results.

Final NASA Test Metrics
RMSE       : 15.779
MAE        : 11.977
R2         : 0.855
NASA Score : 519.160

============================================================
Dataset: FD003 | Model: lstm
============================================================
Train engines : 100
Test engines  : 100
Train windows : 21820
Test windows  : 100
Window shape  : (30, 14)

Running 5-Fold Engine-wise Cross Validation...
Fold 1: RMSE=11.956 MAE=8.508 R2=0.917 NASA=11867.297
Fold 2: RMSE=10.553 MAE=7.161 R2=0.935 NASA=8608.756
Fold 3: RMSE=11.649 MAE=7.553 R2=0.921 NASA=14960.970
Fold 4: RMSE=14.396 MAE=10.824 R2=0.879 NASA=16322.752
Fold 5: RMSE=14.766 MAE=10.134 R2=0.873 NASA=17052.515

Cross-Validation Average
RMSE       : 12.664
MAE        : 8.836
R2         : 0.905
NASA Score : 13762.458

Training Final LSTM Model...
Best Epoch: 18

FD003 LSTM final-fit diagnostics
Best epoch             : 18
Best validation loss   : 166.16240
Final training loss    : 141.11864
Final validation loss  : 320.06964
Validation gap         : 178.95100
Fit assessment         : possible overfitting
Best validation MAE    : 9.71677

Final NASA Test Metrics
RMSE       : 15.202
MAE        : 11.794
R2         : 0.865
NASA Score : 319.885

============================================================
Dataset: FD003 | Model: cnn_lstm
============================================================
Train engines : 100
Test engines  : 100
Train windows : 21820
Test windows  : 100
Window shape  : (30, 14)

Running 5-Fold Engine-wise Cross Validation...
Fold 1: RMSE=13.798 MAE=9.289 R2=0.889 NASA=17528.994
Fold 2: RMSE=11.706 MAE=7.923 R2=0.920 NASA=9370.609
Fold 3: RMSE=11.850 MAE=7.029 R2=0.918 NASA=13739.081
Fold 4: RMSE=13.447 MAE=8.982 R2=0.895 NASA=13232.941
Fold 5: RMSE=12.665 MAE=7.730 R2=0.907 NASA=14326.117

Cross-Validation Average
RMSE       : 12.693
MAE        : 8.191
R2         : 0.906
NASA Score : 13639.548

Training Final CNN-LSTM Model...
Best Epoch: 31

FD003 CNN-BiLSTM-Attention final-fit diagnostics
Best epoch             : 31
Best validation loss   : 141.69179
Final training loss    : 109.66319
Final validation loss  : 152.29552
Validation gap         : 42.63233
Fit assessment         : reasonable fit
Best validation MAE    : 7.86528

Final NASA Test Metrics
RMSE       : 16.134
MAE        : 11.869
R2         : 0.848
NASA Score : 447.524

Constant sensor report saved to:
E:\PdM\outputs\constant_sensors\FD004_constant_sensors.txt

Low variance sensor report saved to:
E:\PdM\outputs\low_variance_sensors\FD004_low_variance_sensors.txt

Unique operating conditions: 10232

========================================
Operating Regime Analysis : FD004
========================================
Samples              : 61249
Features             : 3
Cluster Range        : 2 - 10

Evaluating candidate clusters...

Evaluating K = 2
Evaluating K = 3
Evaluating K = 4
Evaluating K = 5
Evaluating K = 6
Evaluating K = 7
Evaluating K = 8
Evaluating K = 9
Evaluating K = 10

========================================
Cluster Evaluation Metrics
========================================
   Clusters  ...  Calinski_Harabasz
0         2  ...       7.770337e+04
1         3  ...       2.631540e+05
2         4  ...       5.666023e+05
3         5  ...       2.168085e+06
4         6  ...       8.432064e+09
5         7  ...       8.844210e+09
6         8  ...       9.003482e+09
7         9  ...       9.687869e+09
8        10  ...       1.116195e+10

[9 rows x 5 columns]

Cluster metrics saved to:
E:\PdM\dataset\processed\regime_analysis\FD004\FD004_cluster_metrics.csv

========================================
Best Cluster Count by Metric
========================================
Silhouette Score     : 6
Davies-Bouldin Index : 6
Calinski-Harabasz    : 10
Elbow Method         : 2

========================================
Final Recommendation
========================================
Recommended K : 6

Vote Summary
K = 2 : 1 vote(s)
K = 6 : 2 vote(s)
K = 10 : 1 vote(s)

Recommendation saved to:
E:\PdM\dataset\processed\regime_analysis\FD004\FD004_best_k.json

Evaluation plots saved successfully.

Optimal Clusters : 6

Fitted 6 regime scalers.

Operating regime preprocessing completed.

Train Regime Distribution
Regime_ID
0    15395
1     9224
2     9139
3     9091
4     9238
5     9162
Name: count, dtype: int64

Test Regime Distribution
Regime_ID
0    10382
1     6185
2     6107
3     6254
4     6054
5     6232
Name: count, dtype: int64

============================================================
Dataset: FD004 | Model: xgboost
============================================================
Train engines : 249
Test engines  : 248
Train windows : 54028
Test windows  : 248
Window shape  : (30, 21)

Running 5-Fold Engine-wise Cross Validation...
Fold 1: RMSE=15.420 MAE=10.632 R2=0.862 NASA=55278.876
Fold 2: RMSE=14.308 MAE=9.976 R2=0.881 NASA=44865.159
Fold 3: RMSE=14.644 MAE=10.451 R2=0.875 NASA=50529.087
Fold 4: RMSE=16.093 MAE=10.960 R2=0.850 NASA=138409.601
Fold 5: RMSE=16.818 MAE=10.788 R2=0.836 NASA=209888.650

Cross-Validation Average
RMSE       : 15.456
MAE        : 10.561
R2         : 0.861
NASA Score : 99794.275

Training Final XGBoost Model...
Selected Trees: 1079
XGBoost validation loss is not epoch-based; the preceding 5-fold engine-wise metrics are the validation results.

Final NASA Test Metrics
RMSE       : 28.063
MAE        : 20.229
R2         : 0.735
NASA Score : 5929.850

============================================================
Dataset: FD004 | Model: lstm
============================================================
Train engines : 249
Test engines  : 248
Train windows : 54028
Test windows  : 248
Window shape  : (30, 21)

Running 5-Fold Engine-wise Cross Validation...
Fold 1: RMSE=14.833 MAE=10.195 R2=0.872 NASA=61141.868
Fold 2: RMSE=13.455 MAE=9.302 R2=0.894 NASA=41746.527
Fold 3: RMSE=14.293 MAE=9.884 R2=0.881 NASA=41486.185
Fold 4: RMSE=14.854 MAE=9.781 R2=0.872 NASA=121302.016
Fold 5: RMSE=16.708 MAE=10.284 R2=0.838 NASA=212103.273

Cross-Validation Average
RMSE       : 14.829
MAE        : 9.889
R2         : 0.872
NASA Score : 95555.974

Training Final LSTM Model...
Best Epoch: 6

FD004 LSTM final-fit diagnostics
Best epoch             : 6
Best validation loss   : 291.27643
Final training loss    : 89.56389
Final validation loss  : 483.04651
Validation gap         : 393.48262
Fit assessment         : possible overfitting
Best validation MAE    : 12.45941

Final NASA Test Metrics
RMSE       : 28.986
MAE        : 20.555
R2         : 0.717
NASA Score : 6880.317

============================================================
Dataset: FD004 | Model: cnn_lstm
============================================================
Train engines : 249
Test engines  : 248
Train windows : 54028
Test windows  : 248
Window shape  : (30, 21)

Running 5-Fold Engine-wise Cross Validation...
Fold 1: RMSE=16.297 MAE=11.237 R2=0.846 NASA=60587.484
Fold 2: RMSE=15.035 MAE=10.164 R2=0.868 NASA=73582.720
Fold 3: RMSE=14.789 MAE=9.961 R2=0.873 NASA=48883.243
Fold 4: RMSE=16.038 MAE=10.276 R2=0.851 NASA=94396.715
Fold 5: RMSE=17.440 MAE=11.255 R2=0.823 NASA=267598.741

Cross-Validation Average
RMSE       : 15.920
MAE        : 10.579
R2         : 0.852
NASA Score : 109009.781

Training Final CNN-LSTM Model...
Best Epoch: 8

FD004 CNN-BiLSTM-Attention final-fit diagnostics
Best epoch             : 8
Best validation loss   : 317.67667
Final training loss    : 114.73888
Final validation loss  : 368.16522
Validation gap         : 253.42634
Fit assessment         : possible overfitting
Best validation MAE    : 12.94370

Final NASA Test Metrics
RMSE       : 29.015
MAE        : 20.233
R2         : 0.717
NASA Score : 15070.194

All datasets and models completed successfully.
Total execution time: 02:36:23
Log file saved to: logs\run_20260801_185757.log
